=== Stage-2 DDP on 2 GPU(s); effective batch = 64; run=full_stage2_ddp_20260630-164138 ===
# device: cuda:0 | DDP: True (world_size=2)
# W&B run: full_stage2_ddp_20260630-164138_lr0.0001_bs64_ep1000_pat70_seed42_505
# train: 23483 | valid: 2609 complexes (global)
# init weights from /home/bdldt_team002/repro_test/work_full/ckpt/p_stage1/karmadock_team002.pkl
[epoch 000] train 9.424 (rmsd 8.673/mdn 0.751) | val 6.841 (rmsd 6.097/mdn 0.744) | 659s
[epoch 001] train 6.234 (rmsd 5.482/mdn 0.752) | val 6.013 (rmsd 5.268/mdn 0.745) | 629s
[epoch 002] train 5.538 (rmsd 4.788/mdn 0.750) | val 5.509 (rmsd 4.766/mdn 0.742) | 610s
[epoch 003] train 5.083 (rmsd 4.335/mdn 0.748) | val 5.311 (rmsd 4.566/mdn 0.745) | 634s
[epoch 004] train 4.868 (rmsd 4.121/mdn 0.747) | val 5.186 (rmsd 4.441/mdn 0.745) | 630s
[epoch 005] train 4.697 (rmsd 3.951/mdn 0.746) | val 4.995 (rmsd 4.256/mdn 0.738) | 630s
[epoch 006] train 4.555 (rmsd 3.811/mdn 0.745) | val 4.969 (rmsd 4.226/mdn 0.743) | 624s
[epoch 007] train 4.450 (rmsd 3.706/mdn 0.744) | val 4.867 (rmsd 4.127/mdn 0.741) | 621s
[epoch 008] train 4.382 (rmsd 3.639/mdn 0.743) | val 4.797 (rmsd 4.060/mdn 0.737) | 622s
[epoch 009] train 4.264 (rmsd 3.521/mdn 0.743) | val 4.754 (rmsd 4.011/mdn 0.744) | 621s
[epoch 010] train 4.173 (rmsd 3.432/mdn 0.742) | val 4.720 (rmsd 3.979/mdn 0.740) | 619s
[epoch 011] train 4.138 (rmsd 3.394/mdn 0.743) | val 4.633 (rmsd 3.891/mdn 0.742) | 618s
[epoch 012] train 4.087 (rmsd 3.344/mdn 0.743) | val 4.594 (rmsd 3.850/mdn 0.744) | 621s
[epoch 013] train 4.040 (rmsd 3.298/mdn 0.741) | val 4.645 (rmsd 3.905/mdn 0.739) | 622s
[epoch 014] train 3.990 (rmsd 3.249/mdn 0.742) | val 4.530 (rmsd 3.787/mdn 0.743) | 622s
[epoch 015] train 3.941 (rmsd 3.200/mdn 0.741) | val 4.510 (rmsd 3.769/mdn 0.741) | 617s
[epoch 016] train 3.899 (rmsd 3.158/mdn 0.742) | val 4.504 (rmsd 3.764/mdn 0.741) | 619s
[epoch 017] train 3.858 (rmsd 3.118/mdn 0.740) | val 4.439 (rmsd 3.701/mdn 0.738) | 628s
[epoch 018] train 3.853 (rmsd 3.112/mdn 0.741) | val 4.391 (rmsd 3.650/mdn 0.741) | 608s
[epoch 019] train 3.792 (rmsd 3.052/mdn 0.740) | val 4.450 (rmsd 3.708/mdn 0.742) | 604s
[epoch 020] train 3.770 (rmsd 3.029/mdn 0.741) | val 4.452 (rmsd 3.709/mdn 0.744) | 601s
[epoch 021] train 3.754 (rmsd 3.013/mdn 0.741) | val 4.352 (rmsd 3.610/mdn 0.742) | 603s
[epoch 022] train 3.705 (rmsd 2.965/mdn 0.740) | val 4.337 (rmsd 3.598/mdn 0.739) | 1126s
[epoch 023] train 3.658 (rmsd 2.918/mdn 0.740) | val 4.346 (rmsd 3.609/mdn 0.736) | 613s
[epoch 024] train 3.681 (rmsd 2.940/mdn 0.741) | val 4.358 (rmsd 3.619/mdn 0.739) | 605s
[epoch 025] train 3.654 (rmsd 2.914/mdn 0.740) | val 4.275 (rmsd 3.534/mdn 0.740) | 621s
[epoch 026] train 3.604 (rmsd 2.863/mdn 0.741) | val 4.263 (rmsd 3.521/mdn 0.741) | 609s
[epoch 027] train 3.602 (rmsd 2.860/mdn 0.742) | val 4.335 (rmsd 3.591/mdn 0.744) | 606s
[epoch 028] train 3.569 (rmsd 2.828/mdn 0.741) | val 4.260 (rmsd 3.520/mdn 0.740) | 607s
[epoch 029] train 3.567 (rmsd 2.825/mdn 0.741) | val 4.271 (rmsd 3.532/mdn 0.739) | 603s
[epoch 030] train 3.552 (rmsd 2.811/mdn 0.741) | val 4.182 (rmsd 3.439/mdn 0.743) | 614s
[epoch 031] train 3.517 (rmsd 2.776/mdn 0.741) | val 4.250 (rmsd 3.512/mdn 0.738) | 606s
[epoch 032] train 3.505 (rmsd 2.764/mdn 0.741) | val 4.168 (rmsd 3.429/mdn 0.739) | 601s
[epoch 033] train 3.493 (rmsd 2.751/mdn 0.741) | val 4.192 (rmsd 3.448/mdn 0.744) | 618s
[epoch 034] train 3.484 (rmsd 2.742/mdn 0.742) | val 4.230 (rmsd 3.487/mdn 0.743) | 609s
[epoch 035] train 3.474 (rmsd 2.733/mdn 0.742) | val 4.132 (rmsd 3.388/mdn 0.743) | 617s
[epoch 036] train 3.448 (rmsd 2.706/mdn 0.742) | val 4.145 (rmsd 3.405/mdn 0.740) | 604s
[epoch 037] train 3.449 (rmsd 2.708/mdn 0.742) | val 4.175 (rmsd 3.423/mdn 0.751) | 606s
[epoch 038] train 3.403 (rmsd 2.662/mdn 0.742) | val 4.155 (rmsd 3.412/mdn 0.743) | 604s
[epoch 039] train 3.404 (rmsd 2.661/mdn 0.743) | val 4.158 (rmsd 3.417/mdn 0.742) | 613s
[epoch 040] train 3.388 (rmsd 2.647/mdn 0.741) | val 4.115 (rmsd 3.370/mdn 0.745) | 605s
[epoch 041] train 3.402 (rmsd 2.660/mdn 0.742) | val 4.056 (rmsd 3.317/mdn 0.739) | 607s
[epoch 042] train 3.362 (rmsd 2.620/mdn 0.742) | val 4.106 (rmsd 3.366/mdn 0.740) | 606s
[epoch 043] train 3.367 (rmsd 2.625/mdn 0.742) | val 4.105 (rmsd 3.367/mdn 0.738) | 606s
[epoch 044] train 3.337 (rmsd 2.596/mdn 0.741) | val 4.152 (rmsd 3.415/mdn 0.738) | 609s
[epoch 045] train 3.335 (rmsd 2.594/mdn 0.741) | val 4.098 (rmsd 3.355/mdn 0.742) | 608s
[epoch 046] train 3.321 (rmsd 2.579/mdn 0.742) | val 4.094 (rmsd 3.353/mdn 0.741) | 606s
[epoch 047] train 3.317 (rmsd 2.575/mdn 0.742) | val 4.094 (rmsd 3.353/mdn 0.741) | 608s
[epoch 048] train 3.302 (rmsd 2.561/mdn 0.741) | val 3.929 (rmsd 3.190/mdn 0.739) | 616s
[epoch 049] train 3.295 (rmsd 2.553/mdn 0.742) | val 4.037 (rmsd 3.292/mdn 0.745) | 614s
[epoch 050] train 3.290 (rmsd 2.548/mdn 0.742) | val 4.020 (rmsd 3.277/mdn 0.743) | 606s
[epoch 051] train 3.280 (rmsd 2.538/mdn 0.742) | val 4.037 (rmsd 3.296/mdn 0.741) | 603s
[epoch 052] train 3.271 (rmsd 2.529/mdn 0.742) | val 4.007 (rmsd 3.265/mdn 0.742) | 609s
[epoch 053] train 3.253 (rmsd 2.510/mdn 0.743) | val 4.045 (rmsd 3.303/mdn 0.743) | 606s
[epoch 054] train 3.244 (rmsd 2.503/mdn 0.741) | val 4.076 (rmsd 3.335/mdn 0.741) | 609s
[epoch 055] train 3.216 (rmsd 2.474/mdn 0.742) | val 4.037 (rmsd 3.295/mdn 0.742) | 603s
[epoch 056] train 3.242 (rmsd 2.500/mdn 0.741) | val 4.033 (rmsd 3.290/mdn 0.743) | 606s
[epoch 057] train 3.236 (rmsd 2.494/mdn 0.742) | val 3.984 (rmsd 3.245/mdn 0.740) | 604s
[epoch 058] train 3.209 (rmsd 2.466/mdn 0.743) | val 3.987 (rmsd 3.242/mdn 0.745) | 608s
[epoch 059] train 3.205 (rmsd 2.464/mdn 0.741) | val 3.994 (rmsd 3.254/mdn 0.740) | 609s
[epoch 060] train 3.204 (rmsd 2.462/mdn 0.741) | val 3.926 (rmsd 3.185/mdn 0.741) | 605s
[epoch 061] train 3.195 (rmsd 2.453/mdn 0.743) | val 3.977 (rmsd 3.236/mdn 0.741) | 610s
[epoch 062] train 3.185 (rmsd 2.444/mdn 0.741) | val 3.996 (rmsd 3.248/mdn 0.748) | 612s
[epoch 063] train 3.167 (rmsd 2.425/mdn 0.742) | val 3.969 (rmsd 3.228/mdn 0.741) | 610s
[epoch 064] train 3.166 (rmsd 2.423/mdn 0.743) | val 4.007 (rmsd 3.264/mdn 0.743) | 606s
[epoch 065] train 3.138 (rmsd 2.397/mdn 0.741) | val 3.994 (rmsd 3.254/mdn 0.740) | 615s
[epoch 066] train 3.153 (rmsd 2.412/mdn 0.741) | val 3.994 (rmsd 3.253/mdn 0.741) | 605s
[epoch 067] train 3.140 (rmsd 2.398/mdn 0.742) | val 3.924 (rmsd 3.182/mdn 0.742) | 611s
[epoch 068] train 3.119 (rmsd 2.379/mdn 0.741) | val 3.955 (rmsd 3.213/mdn 0.743) | 941s
[epoch 069] train 3.137 (rmsd 2.395/mdn 0.742) | val 3.968 (rmsd 3.225/mdn 0.744) | 659s
[epoch 070] train 3.126 (rmsd 2.384/mdn 0.742) | val 3.935 (rmsd 3.193/mdn 0.742) | 607s
[epoch 071] train 3.100 (rmsd 2.359/mdn 0.741) | val 3.963 (rmsd 3.220/mdn 0.744) | 603s
[epoch 072] train 3.111 (rmsd 2.368/mdn 0.743) | val 3.965 (rmsd 3.222/mdn 0.742) | 609s
[epoch 073] train 3.099 (rmsd 2.357/mdn 0.743) | val 3.904 (rmsd 3.164/mdn 0.740) | 609s
[epoch 074] train 3.074 (rmsd 2.332/mdn 0.741) | val 3.913 (rmsd 3.170/mdn 0.743) | 606s
[epoch 075] train 3.075 (rmsd 2.334/mdn 0.741) | val 3.848 (rmsd 3.104/mdn 0.744) | 604s
[epoch 076] train 3.081 (rmsd 2.339/mdn 0.742) | val 3.882 (rmsd 3.137/mdn 0.745) | 603s
[epoch 077] train 3.079 (rmsd 2.337/mdn 0.742) | val 3.941 (rmsd 3.202/mdn 0.739) | 607s
[epoch 078] train 3.060 (rmsd 2.317/mdn 0.743) | val 3.830 (rmsd 3.092/mdn 0.739) | 607s
[epoch 079] train 3.070 (rmsd 2.328/mdn 0.742) | val 3.895 (rmsd 3.151/mdn 0.743) | 602s
[epoch 080] train 3.042 (rmsd 2.300/mdn 0.742) | val 3.920 (rmsd 3.179/mdn 0.741) | 603s
[epoch 081] train 3.048 (rmsd 2.306/mdn 0.742) | val 3.877 (rmsd 3.135/mdn 0.741) | 603s
[epoch 082] train 3.059 (rmsd 2.317/mdn 0.742) | val 3.885 (rmsd 3.137/mdn 0.748) | 603s
[epoch 083] train 3.040 (rmsd 2.299/mdn 0.741) | val 3.896 (rmsd 3.151/mdn 0.746) | 609s
[epoch 084] train 3.042 (rmsd 2.300/mdn 0.741) | val 3.962 (rmsd 3.218/mdn 0.744) | 608s
[epoch 085] train 3.024 (rmsd 2.282/mdn 0.742) | val 3.913 (rmsd 3.167/mdn 0.745) | 610s
[epoch 086] train 3.026 (rmsd 2.283/mdn 0.742) | val 3.866 (rmsd 3.124/mdn 0.742) | 604s
[epoch 087] train 3.041 (rmsd 2.298/mdn 0.743) | val 3.865 (rmsd 3.124/mdn 0.741) | 601s
[epoch 088] train 3.030 (rmsd 2.289/mdn 0.742) | val 3.855 (rmsd 3.113/mdn 0.742) | 607s
[epoch 089] train 2.999 (rmsd 2.256/mdn 0.743) | val 3.879 (rmsd 3.133/mdn 0.746) | 603s
[epoch 090] train 2.998 (rmsd 2.255/mdn 0.743) | val 3.871 (rmsd 3.124/mdn 0.747) | 609s
[epoch 091] train 3.000 (rmsd 2.258/mdn 0.742) | val 3.868 (rmsd 3.124/mdn 0.744) | 615s
[epoch 092] train 3.006 (rmsd 2.264/mdn 0.742) | val 3.849 (rmsd 3.105/mdn 0.744) | 614s
[epoch 093] train 2.989 (rmsd 2.247/mdn 0.742) | val 3.852 (rmsd 3.110/mdn 0.742) | 609s
[epoch 094] train 2.992 (rmsd 2.250/mdn 0.742) | val 3.848 (rmsd 3.099/mdn 0.748) | 604s
[epoch 095] train 2.972 (rmsd 2.230/mdn 0.742) | val 3.894 (rmsd 3.153/mdn 0.741) | 613s
[epoch 096] train 2.960 (rmsd 2.218/mdn 0.742) | val 3.862 (rmsd 3.119/mdn 0.743) | 614s
[epoch 097] train 2.976 (rmsd 2.235/mdn 0.742) | val 3.869 (rmsd 3.121/mdn 0.748) | 613s
[epoch 098] train 2.958 (rmsd 2.216/mdn 0.742) | val 3.853 (rmsd 3.111/mdn 0.742) | 622s
[epoch 099] train 2.939 (rmsd 2.198/mdn 0.741) | val 3.864 (rmsd 3.118/mdn 0.746) | 615s
[epoch 100] train 2.961 (rmsd 2.219/mdn 0.742) | val 3.855 (rmsd 3.112/mdn 0.743) | 617s
[epoch 101] train 2.954 (rmsd 2.212/mdn 0.742) | val 3.846 (rmsd 3.097/mdn 0.748) | 618s
[epoch 102] train 2.953 (rmsd 2.210/mdn 0.743) | val 3.838 (rmsd 3.095/mdn 0.743) | 618s
[epoch 103] train 2.934 (rmsd 2.192/mdn 0.741) | val 3.875 (rmsd 3.129/mdn 0.746) | 611s
[epoch 104] train 2.946 (rmsd 2.205/mdn 0.742) | val 3.890 (rmsd 3.146/mdn 0.744) | 617s
[epoch 105] train 2.928 (rmsd 2.187/mdn 0.741) | val 3.847 (rmsd 3.106/mdn 0.741) | 615s
[epoch 106] train 2.921 (rmsd 2.180/mdn 0.742) | val 3.844 (rmsd 3.101/mdn 0.742) | 614s
[epoch 107] train 2.909 (rmsd 2.167/mdn 0.742) | val 3.870 (rmsd 3.124/mdn 0.746) | 615s
[epoch 108] train 2.934 (rmsd 2.192/mdn 0.742) | val 3.857 (rmsd 3.111/mdn 0.745) | 624s
[epoch 109] train 2.924 (rmsd 2.183/mdn 0.741) | val 3.844 (rmsd 3.100/mdn 0.744) | 631s
[epoch 110] train 2.916 (rmsd 2.175/mdn 0.741) | val 3.843 (rmsd 3.095/mdn 0.747) | 635s
[epoch 111] train 2.906 (rmsd 2.164/mdn 0.742) | val 3.828 (rmsd 3.084/mdn 0.743) | 634s
[epoch 112] train 2.902 (rmsd 2.160/mdn 0.742) | val 3.832 (rmsd 3.087/mdn 0.746) | 621s
[epoch 113] train 2.890 (rmsd 2.148/mdn 0.743) | val 3.846 (rmsd 3.103/mdn 0.744) | 631s
[epoch 114] train 2.905 (rmsd 2.163/mdn 0.742) | val 3.792 (rmsd 3.044/mdn 0.748) | 629s
[epoch 115] train 2.882 (rmsd 2.140/mdn 0.742) | val 3.800 (rmsd 3.052/mdn 0.748) | 628s
[epoch 116] train 2.886 (rmsd 2.145/mdn 0.741) | val 3.792 (rmsd 3.051/mdn 0.742) | 626s
[epoch 117] train 2.875 (rmsd 2.133/mdn 0.741) | val 3.803 (rmsd 3.060/mdn 0.744) | 638s
[epoch 118] train 2.887 (rmsd 2.146/mdn 0.741) | val 3.835 (rmsd 3.090/mdn 0.745) | 630s
[epoch 119] train 2.880 (rmsd 2.139/mdn 0.741) | val 3.791 (rmsd 3.047/mdn 0.744) | 630s
[epoch 120] train 2.875 (rmsd 2.134/mdn 0.742) | val 3.774 (rmsd 3.031/mdn 0.743) | 628s
[epoch 121] train 2.876 (rmsd 2.135/mdn 0.741) | val 3.780 (rmsd 3.036/mdn 0.745) | 631s
[epoch 122] train 2.870 (rmsd 2.128/mdn 0.742) | val 3.796 (rmsd 3.047/mdn 0.749) | 631s
[epoch 123] train 2.854 (rmsd 2.113/mdn 0.742) | val 3.813 (rmsd 3.064/mdn 0.749) | 620s
[epoch 124] train 2.857 (rmsd 2.115/mdn 0.741) | val 3.822 (rmsd 3.077/mdn 0.745) | 616s
[epoch 125] train 2.869 (rmsd 2.128/mdn 0.742) | val 3.834 (rmsd 3.091/mdn 0.743) | 626s
[epoch 126] train 2.853 (rmsd 2.112/mdn 0.741) | val 3.781 (rmsd 3.038/mdn 0.743) | 624s
[epoch 127] train 2.842 (rmsd 2.101/mdn 0.741) | val 3.801 (rmsd 3.056/mdn 0.745) | 622s
[epoch 128] train 2.867 (rmsd 2.125/mdn 0.742) | val 3.784 (rmsd 3.040/mdn 0.744) | 624s
[epoch 129] train 2.854 (rmsd 2.112/mdn 0.742) | val 3.800 (rmsd 3.051/mdn 0.748) | 621s
[epoch 130] train 2.847 (rmsd 2.105/mdn 0.741) | val 3.796 (rmsd 3.055/mdn 0.741) | 624s
[epoch 131] train 2.849 (rmsd 2.107/mdn 0.742) | val 3.743 (rmsd 2.994/mdn 0.749) | 624s
[epoch 132] train 2.843 (rmsd 2.102/mdn 0.741) | val 3.746 (rmsd 3.001/mdn 0.744) | 627s
[epoch 133] train 2.843 (rmsd 2.100/mdn 0.742) | val 3.768 (rmsd 3.024/mdn 0.744) | 632s
[epoch 134] train 2.846 (rmsd 2.103/mdn 0.742) | val 3.775 (rmsd 3.028/mdn 0.746) | 625s
[epoch 135] train 2.832 (rmsd 2.090/mdn 0.742) | val 3.770 (rmsd 3.023/mdn 0.748) | 617s
[epoch 136] train 2.825 (rmsd 2.084/mdn 0.741) | val 3.760 (rmsd 3.015/mdn 0.745) | 624s
[epoch 137] train 2.828 (rmsd 2.087/mdn 0.742) | val 3.756 (rmsd 3.013/mdn 0.743) | 619s
[epoch 138] train 2.805 (rmsd 2.064/mdn 0.742) | val 3.776 (rmsd 3.029/mdn 0.747) | 620s
[epoch 139] train 2.813 (rmsd 2.072/mdn 0.741) | val 3.729 (rmsd 2.984/mdn 0.745) | 619s
[epoch 140] train 2.823 (rmsd 2.082/mdn 0.741) | val 3.795 (rmsd 3.053/mdn 0.743) | 620s
[epoch 141] train 2.802 (rmsd 2.061/mdn 0.741) | val 3.763 (rmsd 3.016/mdn 0.747) | 618s
[epoch 142] train 2.812 (rmsd 2.071/mdn 0.741) | val 3.732 (rmsd 2.986/mdn 0.746) | 614s
[epoch 143] train 2.801 (rmsd 2.060/mdn 0.741) | val 3.776 (rmsd 3.031/mdn 0.744) | 615s
[epoch 144] train 2.806 (rmsd 2.065/mdn 0.741) | val 3.764 (rmsd 3.019/mdn 0.745) | 607s
[epoch 145] train 2.807 (rmsd 2.067/mdn 0.740) | val 3.738 (rmsd 2.991/mdn 0.747) | 605s
[epoch 146] train 2.800 (rmsd 2.058/mdn 0.741) | val 3.783 (rmsd 3.037/mdn 0.746) | 605s
[epoch 147] train 2.806 (rmsd 2.065/mdn 0.742) | val 3.780 (rmsd 3.033/mdn 0.746) | 609s
[epoch 148] train 2.785 (rmsd 2.044/mdn 0.742) | val 3.760 (rmsd 3.015/mdn 0.746) | 605s
[epoch 149] train 2.792 (rmsd 2.051/mdn 0.741) | val 3.741 (rmsd 2.997/mdn 0.743) | 605s
[epoch 150] train 2.789 (rmsd 2.048/mdn 0.741) | val 3.779 (rmsd 3.036/mdn 0.743) | 604s
[epoch 151] train 2.786 (rmsd 2.044/mdn 0.742) | val 3.728 (rmsd 2.982/mdn 0.746) | 610s
[epoch 152] train 2.770 (rmsd 2.029/mdn 0.741) | val 3.753 (rmsd 3.006/mdn 0.747) | 611s
[epoch 153] train 2.774 (rmsd 2.033/mdn 0.741) | val 3.724 (rmsd 2.981/mdn 0.744) | 605s
[epoch 154] train 2.769 (rmsd 2.028/mdn 0.741) | val 3.713 (rmsd 2.968/mdn 0.745) | 605s
[epoch 155] train 2.762 (rmsd 2.022/mdn 0.740) | val 3.739 (rmsd 2.999/mdn 0.740) | 608s
[epoch 156] train 2.775 (rmsd 2.033/mdn 0.741) | val 3.761 (rmsd 3.016/mdn 0.746) | 610s
[epoch 157] train 2.769 (rmsd 2.029/mdn 0.740) | val 3.756 (rmsd 3.011/mdn 0.746) | 617s
[epoch 158] train 2.768 (rmsd 2.027/mdn 0.740) | val 3.724 (rmsd 2.972/mdn 0.752) | 615s
[epoch 159] train 2.744 (rmsd 2.004/mdn 0.740) | val 3.760 (rmsd 3.015/mdn 0.745) | 617s
[epoch 160] train 2.749 (rmsd 2.009/mdn 0.740) | val 3.695 (rmsd 2.954/mdn 0.741) | 619s
[epoch 161] train 2.737 (rmsd 1.998/mdn 0.739) | val 3.709 (rmsd 2.966/mdn 0.743) | 961s
[epoch 162] train 2.735 (rmsd 1.995/mdn 0.740) | val 3.766 (rmsd 3.021/mdn 0.745) | 608s
[epoch 163] train 2.762 (rmsd 2.022/mdn 0.740) | val 3.746 (rmsd 3.004/mdn 0.743) | 616s
[epoch 164] train 2.752 (rmsd 2.011/mdn 0.741) | val 3.746 (rmsd 3.005/mdn 0.741) | 616s
[epoch 165] train 2.741 (rmsd 2.000/mdn 0.741) | val 3.725 (rmsd 2.979/mdn 0.746) | 617s
[epoch 166] train 2.732 (rmsd 1.992/mdn 0.740) | val 3.745 (rmsd 3.003/mdn 0.742) | 608s
[epoch 167] train 2.740 (rmsd 2.000/mdn 0.740) | val 3.768 (rmsd 3.022/mdn 0.745) | 664s
[epoch 168] train 2.730 (rmsd 1.989/mdn 0.741) | val 3.741 (rmsd 2.997/mdn 0.744) | 675s
[epoch 169] train 2.733 (rmsd 1.994/mdn 0.740) | val 3.712 (rmsd 2.967/mdn 0.745) | 627s
[epoch 170] train 2.738 (rmsd 1.998/mdn 0.740) | val 3.729 (rmsd 2.985/mdn 0.744) | 671s
[epoch 171] train 2.724 (rmsd 1.984/mdn 0.740) | val 3.712 (rmsd 2.970/mdn 0.742) | 619s
[epoch 172] train 2.730 (rmsd 1.990/mdn 0.740) | val 3.755 (rmsd 3.010/mdn 0.745) | 630s
[epoch 173] train 2.730 (rmsd 1.990/mdn 0.740) | val 3.783 (rmsd 3.038/mdn 0.744) | 687s
[epoch 174] train 2.730 (rmsd 1.989/mdn 0.740) | val 3.731 (rmsd 2.988/mdn 0.743) | 637s
[epoch 175] train 2.733 (rmsd 1.993/mdn 0.739) | val 3.678 (rmsd 2.930/mdn 0.748) | 622s
[epoch 176] train 2.716 (rmsd 1.976/mdn 0.739) | val 3.686 (rmsd 2.944/mdn 0.743) | 616s
[epoch 177] train 2.728 (rmsd 1.988/mdn 0.740) | val 3.711 (rmsd 2.969/mdn 0.742) | 615s
[epoch 178] train 2.718 (rmsd 1.979/mdn 0.740) | val 3.774 (rmsd 3.030/mdn 0.745) | 671s
[epoch 179] train 2.726 (rmsd 1.986/mdn 0.740) | val 3.752 (rmsd 3.007/mdn 0.745) | 620s
[epoch 180] train 2.702 (rmsd 1.962/mdn 0.740) | val 3.740 (rmsd 2.993/mdn 0.747) | 616s
[epoch 181] train 2.711 (rmsd 1.971/mdn 0.740) | val 3.735 (rmsd 2.989/mdn 0.746) | 618s
[epoch 182] train 2.718 (rmsd 1.978/mdn 0.740) | val 3.773 (rmsd 3.027/mdn 0.747) | 677s
[epoch 183] train 2.702 (rmsd 1.962/mdn 0.740) | val 3.717 (rmsd 2.971/mdn 0.746) | 618s
[epoch 184] train 2.705 (rmsd 1.966/mdn 0.739) | val 3.705 (rmsd 2.960/mdn 0.746) | 615s
[epoch 185] train 2.688 (rmsd 1.950/mdn 0.739) | val 3.732 (rmsd 2.988/mdn 0.744) | 618s
[epoch 186] train 2.701 (rmsd 1.961/mdn 0.740) | val 3.735 (rmsd 2.989/mdn 0.746) | 680s
[epoch 187] train 2.690 (rmsd 1.951/mdn 0.739) | val 3.733 (rmsd 2.986/mdn 0.746) | 614s
[epoch 188] train 2.694 (rmsd 1.954/mdn 0.740) | val 3.722 (rmsd 2.979/mdn 0.743) | 621s
[epoch 189] train 2.698 (rmsd 1.959/mdn 0.740) | val 3.730 (rmsd 2.983/mdn 0.747) | 621s
[epoch 190] train 2.700 (rmsd 1.961/mdn 0.739) | val 3.743 (rmsd 2.996/mdn 0.746) | 620s
[epoch 191] train 2.698 (rmsd 1.958/mdn 0.740) | val 3.713 (rmsd 2.967/mdn 0.746) | 621s
[epoch 192] train 2.699 (rmsd 1.958/mdn 0.741) | val 3.698 (rmsd 2.951/mdn 0.747) | 622s
[epoch 193] train 2.691 (rmsd 1.951/mdn 0.740) | val 3.692 (rmsd 2.948/mdn 0.744) | 622s
[epoch 194] train 2.685 (rmsd 1.945/mdn 0.740) | val 3.744 (rmsd 2.995/mdn 0.749) | 622s
[epoch 195] train 2.682 (rmsd 1.942/mdn 0.740) | val 3.691 (rmsd 2.944/mdn 0.746) | 621s
[epoch 196] train 2.662 (rmsd 1.922/mdn 0.740) | val 3.711 (rmsd 2.961/mdn 0.750) | 623s
[epoch 197] train 2.682 (rmsd 1.944/mdn 0.739) | val 3.731 (rmsd 2.988/mdn 0.743) | 619s
[epoch 198] train 2.697 (rmsd 1.956/mdn 0.741) | val 3.673 (rmsd 2.928/mdn 0.745) | 676s
[epoch 199] train 2.667 (rmsd 1.928/mdn 0.739) | val 3.687 (rmsd 2.941/mdn 0.746) | 617s
[epoch 200] train 2.661 (rmsd 1.922/mdn 0.739) | val 3.709 (rmsd 2.964/mdn 0.745) | 616s
[epoch 201] train 2.669 (rmsd 1.931/mdn 0.739) | val 3.708 (rmsd 2.963/mdn 0.745) | 616s
[epoch 202] train 2.684 (rmsd 1.943/mdn 0.740) | val 3.702 (rmsd 2.956/mdn 0.747) | 627s
[epoch 203] train 2.669 (rmsd 1.930/mdn 0.740) | val 3.688 (rmsd 2.943/mdn 0.745) | 757s
[epoch 204] train 2.664 (rmsd 1.923/mdn 0.740) | val 3.703 (rmsd 2.959/mdn 0.745) | 769s
[epoch 205] train 2.668 (rmsd 1.929/mdn 0.739) | val 3.701 (rmsd 2.956/mdn 0.745) | 611s
[epoch 206] train 2.660 (rmsd 1.921/mdn 0.738) | val 3.699 (rmsd 2.954/mdn 0.745) | 614s
[epoch 207] train 2.664 (rmsd 1.925/mdn 0.738) | val 3.704 (rmsd 2.958/mdn 0.746) | 615s
[epoch 208] train 2.660 (rmsd 1.921/mdn 0.739) | val 3.731 (rmsd 2.980/mdn 0.751) | 617s
[epoch 209] train 2.654 (rmsd 1.914/mdn 0.740) | val 3.706 (rmsd 2.962/mdn 0.745) | 629s
[epoch 210] train 2.658 (rmsd 1.918/mdn 0.739) | val 3.753 (rmsd 3.005/mdn 0.749) | 609s
[epoch 211] train 2.669 (rmsd 1.930/mdn 0.739) | val 3.715 (rmsd 2.967/mdn 0.748) | 619s
[epoch 212] train 2.665 (rmsd 1.926/mdn 0.740) | val 3.655 (rmsd 2.907/mdn 0.748) | 617s
[epoch 213] train 2.638 (rmsd 1.898/mdn 0.740) | val 3.680 (rmsd 2.937/mdn 0.743) | 617s
[epoch 214] train 2.653 (rmsd 1.914/mdn 0.739) | val 3.695 (rmsd 2.950/mdn 0.745) | 617s
[epoch 215] train 2.648 (rmsd 1.909/mdn 0.739) | val 3.707 (rmsd 2.960/mdn 0.747) | 617s
[epoch 216] train 2.640 (rmsd 1.900/mdn 0.740) | val 3.681 (rmsd 2.938/mdn 0.743) | 612s
[epoch 217] train 2.642 (rmsd 1.902/mdn 0.740) | val 3.650 (rmsd 2.908/mdn 0.742) | 684s
[epoch 218] train 2.648 (rmsd 1.909/mdn 0.739) | val 3.669 (rmsd 2.926/mdn 0.744) | 611s
[epoch 219] train 2.641 (rmsd 1.903/mdn 0.738) | val 3.715 (rmsd 2.969/mdn 0.746) | 623s
[epoch 220] train 2.642 (rmsd 1.903/mdn 0.739) | val 3.709 (rmsd 2.965/mdn 0.744) | 620s
[epoch 221] train 2.642 (rmsd 1.903/mdn 0.739) | val 3.658 (rmsd 2.913/mdn 0.746) | 686s
[epoch 222] train 2.649 (rmsd 1.911/mdn 0.739) | val 3.703 (rmsd 2.963/mdn 0.740) | 640s
[epoch 223] train 2.639 (rmsd 1.901/mdn 0.738) | val 3.685 (rmsd 2.942/mdn 0.744) | 622s
[epoch 224] train 2.633 (rmsd 1.894/mdn 0.739) | val 3.695 (rmsd 2.953/mdn 0.743) | 646s
[epoch 225] train 2.638 (rmsd 1.899/mdn 0.739) | val 3.647 (rmsd 2.903/mdn 0.744) | 695s
[epoch 226] train 2.622 (rmsd 1.883/mdn 0.739) | val 3.659 (rmsd 2.915/mdn 0.744) | 719s
[epoch 227] train 2.618 (rmsd 1.880/mdn 0.738) | val 3.655 (rmsd 2.912/mdn 0.743) | 710s
[epoch 228] train 2.614 (rmsd 1.875/mdn 0.738) | val 3.679 (rmsd 2.937/mdn 0.742) | 709s
[epoch 229] train 2.635 (rmsd 1.897/mdn 0.738) | val 3.700 (rmsd 2.955/mdn 0.745) | 700s
[epoch 230] train 2.619 (rmsd 1.880/mdn 0.740) | val 3.599 (rmsd 2.856/mdn 0.743) | 689s
[epoch 231] train 2.621 (rmsd 1.882/mdn 0.739) | val 3.632 (rmsd 2.888/mdn 0.744) | 677s
[epoch 232] train 2.619 (rmsd 1.881/mdn 0.739) | val 3.670 (rmsd 2.924/mdn 0.746) | 665s
[epoch 233] train 2.620 (rmsd 1.881/mdn 0.739) | val 3.697 (rmsd 2.947/mdn 0.749) | 658s
[epoch 234] train 2.617 (rmsd 1.878/mdn 0.739) | val 3.647 (rmsd 2.904/mdn 0.743) | 612s
[epoch 235] train 2.622 (rmsd 1.883/mdn 0.739) | val 3.603 (rmsd 2.860/mdn 0.742) | 615s
[epoch 236] train 2.618 (rmsd 1.880/mdn 0.739) | val 3.658 (rmsd 2.914/mdn 0.744) | 603s
[epoch 237] train 2.608 (rmsd 1.869/mdn 0.738) | val 3.667 (rmsd 2.923/mdn 0.744) | 615s
[epoch 238] train 2.614 (rmsd 1.876/mdn 0.738) | val 3.729 (rmsd 2.982/mdn 0.747) | 615s
[epoch 239] train 2.604 (rmsd 1.866/mdn 0.738) | val 3.647 (rmsd 2.896/mdn 0.751) | 619s
[epoch 240] train 2.614 (rmsd 1.876/mdn 0.739) | val 3.615 (rmsd 2.867/mdn 0.747) | 651s
[epoch 241] train 2.617 (rmsd 1.878/mdn 0.739) | val 3.699 (rmsd 2.952/mdn 0.746) | 664s
[epoch 242] train 2.588 (rmsd 1.849/mdn 0.739) | val 3.679 (rmsd 2.938/mdn 0.741) | 663s
[epoch 243] train 2.606 (rmsd 1.868/mdn 0.738) | val 3.688 (rmsd 2.948/mdn 0.740) | 663s
[epoch 244] train 2.612 (rmsd 1.874/mdn 0.738) | val 3.656 (rmsd 2.910/mdn 0.747) | 656s
[epoch 245] train 2.609 (rmsd 1.871/mdn 0.738) | val 3.681 (rmsd 2.938/mdn 0.743) | 663s
[epoch 246] train 2.621 (rmsd 1.881/mdn 0.740) | val 3.678 (rmsd 2.938/mdn 0.740) | 656s
[epoch 247] train 2.602 (rmsd 1.863/mdn 0.739) | val 3.646 (rmsd 2.900/mdn 0.746) | 641s
[epoch 248] train 2.600 (rmsd 1.862/mdn 0.739) | val 3.696 (rmsd 2.950/mdn 0.746) | 636s
[epoch 249] train 2.607 (rmsd 1.870/mdn 0.737) | val 3.631 (rmsd 2.883/mdn 0.748) | 627s
[epoch 250] train 2.596 (rmsd 1.858/mdn 0.738) | val 3.686 (rmsd 2.943/mdn 0.743) | 625s
[epoch 251] train 2.593 (rmsd 1.855/mdn 0.739) | val 3.669 (rmsd 2.924/mdn 0.745) | 620s
[epoch 252] train 2.582 (rmsd 1.845/mdn 0.737) | val 3.685 (rmsd 2.941/mdn 0.744) | 614s
[epoch 253] train 2.601 (rmsd 1.864/mdn 0.738) | val 3.633 (rmsd 2.887/mdn 0.746) | 616s
[epoch 254] train 2.599 (rmsd 1.861/mdn 0.738) | val 3.642 (rmsd 2.899/mdn 0.742) | 613s
[epoch 255] train 2.583 (rmsd 1.846/mdn 0.738) | val 3.645 (rmsd 2.901/mdn 0.744) | 614s
[epoch 256] train 2.584 (rmsd 1.846/mdn 0.738) | val 3.651 (rmsd 2.907/mdn 0.744) | 615s
[epoch 257] train 2.585 (rmsd 1.846/mdn 0.739) | val 3.680 (rmsd 2.931/mdn 0.749) | 629s
[epoch 258] train 2.588 (rmsd 1.849/mdn 0.738) | val 3.673 (rmsd 2.929/mdn 0.744) | 613s
[epoch 259] train 2.600 (rmsd 1.862/mdn 0.738) | val 3.656 (rmsd 2.914/mdn 0.742) | 611s
[epoch 260] train 2.571 (rmsd 1.834/mdn 0.737) | val 3.649 (rmsd 2.902/mdn 0.748) | 610s
[epoch 261] train 2.594 (rmsd 1.857/mdn 0.737) | val 3.633 (rmsd 2.889/mdn 0.744) | 608s
[epoch 262] train 2.581 (rmsd 1.843/mdn 0.738) | val 3.645 (rmsd 2.900/mdn 0.746) | 609s
[epoch 263] train 2.578 (rmsd 1.841/mdn 0.737) | val 3.663 (rmsd 2.920/mdn 0.743) | 609s
[epoch 264] train 2.578 (rmsd 1.840/mdn 0.738) | val 3.646 (rmsd 2.903/mdn 0.743) | 603s
[epoch 265] train 2.579 (rmsd 1.842/mdn 0.737) | val 3.653 (rmsd 2.907/mdn 0.745) | 610s
[epoch 266] train 2.578 (rmsd 1.840/mdn 0.738) | val 3.664 (rmsd 2.916/mdn 0.748) | 610s
[epoch 267] train 2.572 (rmsd 1.834/mdn 0.738) | val 3.658 (rmsd 2.911/mdn 0.747) | 611s
[epoch 268] train 2.558 (rmsd 1.820/mdn 0.738) | val 3.662 (rmsd 2.919/mdn 0.742) | 612s
[epoch 269] train 2.563 (rmsd 1.826/mdn 0.737) | val 3.644 (rmsd 2.902/mdn 0.742) | 616s
[epoch 270] train 2.560 (rmsd 1.822/mdn 0.737) | val 3.622 (rmsd 2.881/mdn 0.741) | 616s
[epoch 271] train 2.569 (rmsd 1.831/mdn 0.738) | val 3.681 (rmsd 2.937/mdn 0.744) | 617s
[epoch 272] train 2.566 (rmsd 1.828/mdn 0.738) | val 3.680 (rmsd 2.937/mdn 0.743) | 615s
[epoch 273] train 2.566 (rmsd 1.830/mdn 0.736) | val 3.658 (rmsd 2.915/mdn 0.743) | 615s
[epoch 274] train 2.560 (rmsd 1.822/mdn 0.738) | val 3.700 (rmsd 2.948/mdn 0.751) | 607s
[epoch 275] train 2.549 (rmsd 1.812/mdn 0.738) | val 3.645 (rmsd 2.906/mdn 0.739) | 629s
[epoch 276] train 2.566 (rmsd 1.828/mdn 0.738) | val 3.649 (rmsd 2.898/mdn 0.751) | 627s
[epoch 277] train 2.556 (rmsd 1.818/mdn 0.738) | val 3.683 (rmsd 2.940/mdn 0.743) | 628s
[epoch 278] train 2.545 (rmsd 1.808/mdn 0.737) | val 3.670 (rmsd 2.928/mdn 0.742) | 630s
[epoch 279] train 2.563 (rmsd 1.824/mdn 0.738) | val 3.613 (rmsd 2.871/mdn 0.742) | 623s
[epoch 280] train 2.572 (rmsd 1.835/mdn 0.737) | val 3.632 (rmsd 2.891/mdn 0.741) | 640s
[epoch 281] train 2.550 (rmsd 1.813/mdn 0.737) | val 3.683 (rmsd 2.938/mdn 0.745) | 619s
[epoch 282] train 2.552 (rmsd 1.814/mdn 0.738) | val 3.630 (rmsd 2.886/mdn 0.745) | 659s
[epoch 283] train 2.559 (rmsd 1.821/mdn 0.738) | val 3.646 (rmsd 2.902/mdn 0.744) | 615s
[epoch 284] train 2.563 (rmsd 1.825/mdn 0.738) | val 3.627 (rmsd 2.887/mdn 0.740) | 614s
[epoch 285] train 2.543 (rmsd 1.805/mdn 0.737) | val 3.608 (rmsd 2.862/mdn 0.745) | 613s
[epoch 286] train 2.557 (rmsd 1.819/mdn 0.737) | val 3.658 (rmsd 2.916/mdn 0.742) | 615s
[epoch 287] train 2.541 (rmsd 1.804/mdn 0.737) | val 3.648 (rmsd 2.902/mdn 0.745) | 608s
[epoch 288] train 2.547 (rmsd 1.810/mdn 0.736) | val 3.656 (rmsd 2.911/mdn 0.745) | 609s
[epoch 289] train 2.562 (rmsd 1.826/mdn 0.736) | val 3.661 (rmsd 2.915/mdn 0.746) | 610s
[epoch 290] train 2.542 (rmsd 1.805/mdn 0.737) | val 3.652 (rmsd 2.909/mdn 0.744) | 608s
[epoch 291] train 2.553 (rmsd 1.816/mdn 0.737) | val 3.655 (rmsd 2.911/mdn 0.743) | 612s
[epoch 292] train 2.537 (rmsd 1.800/mdn 0.736) | val 3.617 (rmsd 2.872/mdn 0.746) | 746s
[epoch 293] train 2.544 (rmsd 1.807/mdn 0.737) | val 3.666 (rmsd 2.921/mdn 0.745) | 826s
[epoch 294] train 2.529 (rmsd 1.793/mdn 0.736) | val 3.597 (rmsd 2.855/mdn 0.743) | 615s
[epoch 295] train 2.535 (rmsd 1.798/mdn 0.737) | val 3.645 (rmsd 2.897/mdn 0.748) | 608s
[epoch 296] train 2.548 (rmsd 1.810/mdn 0.738) | val 3.694 (rmsd 2.953/mdn 0.741) | 632s
[epoch 297] train 2.541 (rmsd 1.805/mdn 0.736) | val 3.658 (rmsd 2.910/mdn 0.748) | 697s
[epoch 298] train 2.539 (rmsd 1.803/mdn 0.736) | val 3.649 (rmsd 2.907/mdn 0.742) | 608s
[epoch 299] train 2.525 (rmsd 1.788/mdn 0.737) | val 3.625 (rmsd 2.879/mdn 0.746) | 612s
[epoch 300] train 2.521 (rmsd 1.784/mdn 0.737) | val 3.621 (rmsd 2.881/mdn 0.740) | 610s
[epoch 301] train 2.557 (rmsd 1.820/mdn 0.738) | val 3.624 (rmsd 2.880/mdn 0.744) | 611s
[epoch 302] train 2.532 (rmsd 1.796/mdn 0.736) | val 3.597 (rmsd 2.854/mdn 0.743) | 610s
[epoch 303] train 2.522 (rmsd 1.785/mdn 0.737) | val 3.596 (rmsd 2.855/mdn 0.741) | 620s
[epoch 304] train 2.536 (rmsd 1.799/mdn 0.737) | val 3.626 (rmsd 2.882/mdn 0.744) | 622s
[epoch 305] train 2.537 (rmsd 1.800/mdn 0.737) | val 3.630 (rmsd 2.879/mdn 0.751) | 611s
[epoch 306] train 2.529 (rmsd 1.792/mdn 0.736) | val 3.622 (rmsd 2.879/mdn 0.742) | 608s
[epoch 307] train 2.520 (rmsd 1.784/mdn 0.736) | val 3.661 (rmsd 2.917/mdn 0.743) | 610s
[epoch 308] train 2.525 (rmsd 1.788/mdn 0.736) | val 3.642 (rmsd 2.898/mdn 0.744) | 610s
[epoch 309] train 2.525 (rmsd 1.788/mdn 0.737) | val 3.614 (rmsd 2.871/mdn 0.743) | 610s
[epoch 310] train 2.540 (rmsd 1.803/mdn 0.737) | val 3.622 (rmsd 2.879/mdn 0.742) | 611s
[epoch 311] train 2.538 (rmsd 1.801/mdn 0.737) | val 3.641 (rmsd 2.890/mdn 0.750) | 614s
[epoch 312] train 2.531 (rmsd 1.794/mdn 0.737) | val 3.602 (rmsd 2.858/mdn 0.743) | 616s
[epoch 313] train 2.521 (rmsd 1.785/mdn 0.736) | val 3.667 (rmsd 2.922/mdn 0.745) | 615s
[epoch 314] train 2.524 (rmsd 1.786/mdn 0.738) | val 3.602 (rmsd 2.855/mdn 0.747) | 614s
[epoch 315] train 2.523 (rmsd 1.787/mdn 0.737) | val 3.627 (rmsd 2.882/mdn 0.745) | 616s
[epoch 316] train 2.526 (rmsd 1.789/mdn 0.736) | val 3.614 (rmsd 2.873/mdn 0.741) | 612s
[epoch 317] train 2.522 (rmsd 1.785/mdn 0.738) | val 3.585 (rmsd 2.843/mdn 0.742) | 613s
[epoch 318] train 2.512 (rmsd 1.776/mdn 0.736) | val 3.610 (rmsd 2.867/mdn 0.743) | 615s
[epoch 319] train 2.518 (rmsd 1.783/mdn 0.735) | val 3.612 (rmsd 2.871/mdn 0.741) | 613s
[epoch 320] train 2.507 (rmsd 1.771/mdn 0.736) | val 3.641 (rmsd 2.900/mdn 0.741) | 611s
[epoch 321] train 2.510 (rmsd 1.775/mdn 0.735) | val 3.579 (rmsd 2.835/mdn 0.744) | 610s
[epoch 322] train 2.518 (rmsd 1.782/mdn 0.736) | val 3.591 (rmsd 2.849/mdn 0.742) | 610s
[epoch 323] train 2.514 (rmsd 1.777/mdn 0.737) | val 3.638 (rmsd 2.893/mdn 0.745) | 611s
[epoch 324] train 2.513 (rmsd 1.776/mdn 0.738) | val 3.625 (rmsd 2.880/mdn 0.745) | 611s
[epoch 325] train 2.509 (rmsd 1.772/mdn 0.737) | val 3.643 (rmsd 2.898/mdn 0.745) | 610s
[epoch 326] train 2.517 (rmsd 1.781/mdn 0.737) | val 3.643 (rmsd 2.899/mdn 0.743) | 611s
[epoch 327] train 2.521 (rmsd 1.785/mdn 0.736) | val 3.696 (rmsd 2.950/mdn 0.746) | 609s
[epoch 328] train 2.522 (rmsd 1.786/mdn 0.737) | val 3.629 (rmsd 2.887/mdn 0.742) | 612s
[epoch 329] train 2.504 (rmsd 1.767/mdn 0.737) | val 3.679 (rmsd 2.935/mdn 0.744) | 609s
[epoch 330] train 2.506 (rmsd 1.770/mdn 0.736) | val 3.650 (rmsd 2.909/mdn 0.741) | 631s
[epoch 331] train 2.501 (rmsd 1.765/mdn 0.736) | val 3.616 (rmsd 2.876/mdn 0.740) | 710s
[epoch 332] train 2.517 (rmsd 1.780/mdn 0.736) | val 3.674 (rmsd 2.931/mdn 0.744) | 621s
[epoch 333] train 2.520 (rmsd 1.784/mdn 0.736) | val 3.604 (rmsd 2.859/mdn 0.745) | 609s
[epoch 334] train 2.502 (rmsd 1.765/mdn 0.737) | val 3.637 (rmsd 2.889/mdn 0.748) | 611s
[epoch 335] train 2.486 (rmsd 1.750/mdn 0.736) | val 3.613 (rmsd 2.870/mdn 0.744) | 611s
[epoch 336] train 2.487 (rmsd 1.751/mdn 0.736) | val 3.652 (rmsd 2.910/mdn 0.742) | 609s
[epoch 337] train 2.494 (rmsd 1.758/mdn 0.736) | val 3.633 (rmsd 2.892/mdn 0.741) | 608s
[epoch 338] train 2.486 (rmsd 1.750/mdn 0.736) | val 3.621 (rmsd 2.879/mdn 0.742) | 742s
[epoch 339] train 2.479 (rmsd 1.744/mdn 0.735) | val 3.607 (rmsd 2.861/mdn 0.745) | 794s
[epoch 340] train 2.486 (rmsd 1.750/mdn 0.736) | val 3.647 (rmsd 2.902/mdn 0.745) | 610s
[epoch 341] train 2.481 (rmsd 1.745/mdn 0.736) | val 3.621 (rmsd 2.873/mdn 0.748) | 616s
[epoch 342] train 2.483 (rmsd 1.748/mdn 0.736) | val 3.662 (rmsd 2.919/mdn 0.742) | 616s
[epoch 343] train 2.495 (rmsd 1.759/mdn 0.737) | val 3.649 (rmsd 2.904/mdn 0.745) | 614s
[epoch 344] train 2.486 (rmsd 1.750/mdn 0.736) | val 3.617 (rmsd 2.875/mdn 0.742) | 614s
[epoch 345] train 2.475 (rmsd 1.741/mdn 0.734) | val 3.623 (rmsd 2.879/mdn 0.744) | 617s
[epoch 346] train 2.477 (rmsd 1.740/mdn 0.736) | val 3.600 (rmsd 2.857/mdn 0.744) | 614s
[epoch 347] train 2.491 (rmsd 1.755/mdn 0.736) | val 3.643 (rmsd 2.901/mdn 0.742) | 613s
[epoch 348] train 2.490 (rmsd 1.754/mdn 0.736) | val 3.630 (rmsd 2.883/mdn 0.747) | 619s
[epoch 349] train 2.488 (rmsd 1.752/mdn 0.736) | val 3.629 (rmsd 2.884/mdn 0.745) | 616s
[epoch 350] train 2.474 (rmsd 1.740/mdn 0.735) | val 3.600 (rmsd 2.857/mdn 0.743) | 614s
[epoch 351] train 2.472 (rmsd 1.737/mdn 0.735) | val 3.611 (rmsd 2.869/mdn 0.743) | 614s
[epoch 352] train 2.475 (rmsd 1.740/mdn 0.735) | val 3.650 (rmsd 2.907/mdn 0.744) | 612s
[epoch 353] train 2.486 (rmsd 1.751/mdn 0.735) | val 3.676 (rmsd 2.926/mdn 0.750) | 614s
[epoch 354] train 2.478 (rmsd 1.744/mdn 0.734) | val 3.653 (rmsd 2.907/mdn 0.745) | 616s
[epoch 355] train 2.474 (rmsd 1.739/mdn 0.736) | val 3.610 (rmsd 2.863/mdn 0.746) | 616s
[epoch 356] train 2.484 (rmsd 1.748/mdn 0.736) | val 3.577 (rmsd 2.835/mdn 0.741) | 615s
[epoch 357] train 2.475 (rmsd 1.740/mdn 0.735) | val 3.619 (rmsd 2.879/mdn 0.740) | 620s
[epoch 358] train 2.464 (rmsd 1.728/mdn 0.736) | val 3.634 (rmsd 2.889/mdn 0.745) | 616s
[epoch 359] train 2.479 (rmsd 1.744/mdn 0.735) | val 3.608 (rmsd 2.865/mdn 0.742) | 616s
[epoch 360] train 2.476 (rmsd 1.740/mdn 0.736) | val 3.635 (rmsd 2.887/mdn 0.748) | 613s
[epoch 361] train 2.460 (rmsd 1.725/mdn 0.736) | val 3.625 (rmsd 2.883/mdn 0.742) | 615s
[epoch 362] train 2.465 (rmsd 1.730/mdn 0.735) | val 3.594 (rmsd 2.853/mdn 0.740) | 614s
[epoch 363] train 2.474 (rmsd 1.739/mdn 0.735) | val 3.648 (rmsd 2.906/mdn 0.743) | 617s
[epoch 364] train 2.474 (rmsd 1.740/mdn 0.735) | val 3.587 (rmsd 2.846/mdn 0.740) | 617s
[epoch 365] train 2.456 (rmsd 1.721/mdn 0.735) | val 3.628 (rmsd 2.887/mdn 0.741) | 614s
[epoch 366] train 2.483 (rmsd 1.747/mdn 0.736) | val 3.614 (rmsd 2.868/mdn 0.745) | 613s
[epoch 367] train 2.476 (rmsd 1.741/mdn 0.735) | val 3.575 (rmsd 2.833/mdn 0.743) | 620s
[epoch 368] train 2.464 (rmsd 1.730/mdn 0.734) | val 3.600 (rmsd 2.858/mdn 0.742) | 615s
[epoch 369] train 2.488 (rmsd 1.752/mdn 0.736) | val 3.634 (rmsd 2.887/mdn 0.746) | 614s
[epoch 370] train 2.472 (rmsd 1.735/mdn 0.736) | val 3.623 (rmsd 2.875/mdn 0.748) | 611s
[epoch 371] train 2.458 (rmsd 1.723/mdn 0.736) | val 3.635 (rmsd 2.890/mdn 0.745) | 598s
[epoch 372] train 2.459 (rmsd 1.724/mdn 0.734) | val 3.615 (rmsd 2.874/mdn 0.741) | 608s
[epoch 373] train 2.464 (rmsd 1.730/mdn 0.735) | val 3.575 (rmsd 2.834/mdn 0.741) | 610s
[epoch 374] train 2.474 (rmsd 1.739/mdn 0.735) | val 3.592 (rmsd 2.851/mdn 0.742) | 606s
[epoch 375] train 2.457 (rmsd 1.723/mdn 0.734) | val 3.604 (rmsd 2.864/mdn 0.740) | 596s
[epoch 376] train 2.463 (rmsd 1.728/mdn 0.735) | val 3.580 (rmsd 2.838/mdn 0.742) | 606s
[epoch 377] train 2.453 (rmsd 1.719/mdn 0.735) | val 3.600 (rmsd 2.856/mdn 0.743) | 623s
[epoch 378] train 2.454 (rmsd 1.719/mdn 0.735) | val 3.594 (rmsd 2.850/mdn 0.744) | 613s
[epoch 379] train 2.459 (rmsd 1.723/mdn 0.736) | val 3.660 (rmsd 2.916/mdn 0.744) | 604s
[epoch 380] train 2.463 (rmsd 1.728/mdn 0.735) | val 3.625 (rmsd 2.882/mdn 0.744) | 608s
[epoch 381] train 2.448 (rmsd 1.713/mdn 0.734) | val 3.627 (rmsd 2.883/mdn 0.744) | 608s
[epoch 382] train 2.434 (rmsd 1.698/mdn 0.736) | val 3.610 (rmsd 2.868/mdn 0.742) | 608s
[epoch 383] train 2.460 (rmsd 1.725/mdn 0.735) | val 3.652 (rmsd 2.905/mdn 0.746) | 609s
[epoch 384] train 2.449 (rmsd 1.715/mdn 0.734) | val 3.610 (rmsd 2.868/mdn 0.742) | 611s
[epoch 385] train 2.440 (rmsd 1.706/mdn 0.735) | val 3.622 (rmsd 2.880/mdn 0.743) | 609s
[epoch 386] train 2.452 (rmsd 1.718/mdn 0.734) | val 3.606 (rmsd 2.855/mdn 0.752) | 606s
[epoch 387] train 2.463 (rmsd 1.728/mdn 0.735) | val 3.654 (rmsd 2.912/mdn 0.743) | 611s
[epoch 388] train 2.459 (rmsd 1.723/mdn 0.736) | val 3.606 (rmsd 2.864/mdn 0.742) | 599s
[epoch 389] train 2.462 (rmsd 1.727/mdn 0.734) | val 3.643 (rmsd 2.898/mdn 0.745) | 602s
[epoch 390] train 2.439 (rmsd 1.705/mdn 0.734) | val 3.604 (rmsd 2.859/mdn 0.745) | 604s
[epoch 391] train 2.449 (rmsd 1.715/mdn 0.734) | val 3.598 (rmsd 2.856/mdn 0.742) | 602s
[epoch 392] train 2.457 (rmsd 1.723/mdn 0.735) | val 3.577 (rmsd 2.835/mdn 0.741) | 610s
[epoch 393] train 2.446 (rmsd 1.712/mdn 0.735) | val 3.611 (rmsd 2.866/mdn 0.745) | 611s
[epoch 394] train 2.457 (rmsd 1.723/mdn 0.734) | val 3.591 (rmsd 2.844/mdn 0.747) | 615s
[epoch 395] train 2.448 (rmsd 1.713/mdn 0.736) | val 3.615 (rmsd 2.869/mdn 0.746) | 602s
[epoch 396] train 2.441 (rmsd 1.706/mdn 0.735) | val 3.622 (rmsd 2.879/mdn 0.743) | 609s
[epoch 397] train 2.443 (rmsd 1.709/mdn 0.734) | val 3.661 (rmsd 2.916/mdn 0.746) | 636s
[epoch 398] train 2.440 (rmsd 1.706/mdn 0.734) | val 3.638 (rmsd 2.896/mdn 0.742) | 599s
[epoch 399] train 2.434 (rmsd 1.700/mdn 0.734) | val 3.554 (rmsd 2.812/mdn 0.742) | 627s
[epoch 400] train 2.429 (rmsd 1.694/mdn 0.735) | val 3.613 (rmsd 2.872/mdn 0.741) | 603s
[epoch 401] train 2.436 (rmsd 1.702/mdn 0.734) | val 3.639 (rmsd 2.898/mdn 0.741) | 601s
[epoch 402] train 2.438 (rmsd 1.703/mdn 0.735) | val 3.651 (rmsd 2.904/mdn 0.747) | 609s
[epoch 403] train 2.437 (rmsd 1.702/mdn 0.734) | val 3.576 (rmsd 2.833/mdn 0.743) | 600s
[epoch 404] train 2.447 (rmsd 1.712/mdn 0.735) | val 3.595 (rmsd 2.855/mdn 0.740) | 600s
[epoch 405] train 2.430 (rmsd 1.696/mdn 0.734) | val 3.622 (rmsd 2.878/mdn 0.744) | 606s
[epoch 406] train 2.422 (rmsd 1.687/mdn 0.734) | val 3.611 (rmsd 2.865/mdn 0.746) | 599s
[epoch 407] train 2.423 (rmsd 1.688/mdn 0.735) | val 3.612 (rmsd 2.869/mdn 0.743) | 622s
[epoch 408] train 2.436 (rmsd 1.702/mdn 0.734) | val 3.600 (rmsd 2.859/mdn 0.741) | 633s
[epoch 409] train 2.438 (rmsd 1.704/mdn 0.735) | val 3.629 (rmsd 2.888/mdn 0.741) | 635s
[epoch 410] train 2.439 (rmsd 1.704/mdn 0.735) | val 3.661 (rmsd 2.919/mdn 0.741) | 630s
[epoch 411] train 2.422 (rmsd 1.688/mdn 0.734) | val 3.616 (rmsd 2.869/mdn 0.748) | 622s
[epoch 412] train 2.438 (rmsd 1.704/mdn 0.734) | val 3.638 (rmsd 2.893/mdn 0.744) | 620s
[epoch 413] train 2.432 (rmsd 1.698/mdn 0.734) | val 3.613 (rmsd 2.872/mdn 0.741) | 619s
[epoch 414] train 2.433 (rmsd 1.699/mdn 0.734) | val 3.650 (rmsd 2.903/mdn 0.747) | 632s
[epoch 415] train 2.426 (rmsd 1.692/mdn 0.734) | val 3.598 (rmsd 2.855/mdn 0.743) | 611s
[epoch 416] train 2.443 (rmsd 1.709/mdn 0.734) | val 3.611 (rmsd 2.867/mdn 0.745) | 618s
[epoch 417] train 2.440 (rmsd 1.706/mdn 0.735) | val 3.582 (rmsd 2.839/mdn 0.743) | 620s
[epoch 418] train 2.428 (rmsd 1.694/mdn 0.734) | val 3.597 (rmsd 2.854/mdn 0.743) | 615s
[epoch 419] train 2.418 (rmsd 1.685/mdn 0.733) | val 3.604 (rmsd 2.860/mdn 0.744) | 616s
[epoch 420] train 2.427 (rmsd 1.694/mdn 0.733) | val 3.629 (rmsd 2.887/mdn 0.742) | 618s
[epoch 421] train 2.429 (rmsd 1.694/mdn 0.734) | val 3.641 (rmsd 2.897/mdn 0.744) | 631s
[epoch 422] train 2.426 (rmsd 1.692/mdn 0.734) | val 3.610 (rmsd 2.864/mdn 0.747) | 620s
[epoch 423] train 2.427 (rmsd 1.695/mdn 0.733) | val 3.611 (rmsd 2.865/mdn 0.746) | 614s
[epoch 424] train 2.434 (rmsd 1.700/mdn 0.734) | val 3.590 (rmsd 2.847/mdn 0.743) | 597s
[epoch 425] train 2.423 (rmsd 1.689/mdn 0.734) | val 3.597 (rmsd 2.856/mdn 0.741) | 609s
[epoch 426] train 2.417 (rmsd 1.684/mdn 0.733) | val 3.616 (rmsd 2.874/mdn 0.742) | 611s
[epoch 427] train 2.424 (rmsd 1.690/mdn 0.734) | val 3.611 (rmsd 2.868/mdn 0.743) | 611s
[epoch 428] train 2.421 (rmsd 1.688/mdn 0.733) | val 3.599 (rmsd 2.852/mdn 0.747) | 609s
[epoch 429] train 2.430 (rmsd 1.697/mdn 0.733) | val 3.598 (rmsd 2.852/mdn 0.746) | 606s
[epoch 430] train 2.418 (rmsd 1.684/mdn 0.733) | val 3.615 (rmsd 2.873/mdn 0.742) | 608s
[epoch 431] train 2.405 (rmsd 1.672/mdn 0.734) | val 3.628 (rmsd 2.882/mdn 0.746) | 596s
[epoch 432] train 2.429 (rmsd 1.695/mdn 0.735) | val 3.592 (rmsd 2.845/mdn 0.747) | 940s
[epoch 433] train 2.417 (rmsd 1.683/mdn 0.733) | val 3.601 (rmsd 2.857/mdn 0.744) | 608s
[epoch 434] train 2.423 (rmsd 1.689/mdn 0.733) | val 3.593 (rmsd 2.852/mdn 0.742) | 611s
[epoch 435] train 2.436 (rmsd 1.702/mdn 0.734) | val 3.652 (rmsd 2.908/mdn 0.744) | 606s
[epoch 436] train 2.418 (rmsd 1.685/mdn 0.733) | val 3.570 (rmsd 2.825/mdn 0.745) | 605s
[epoch 437] train 2.413 (rmsd 1.680/mdn 0.733) | val 3.591 (rmsd 2.847/mdn 0.745) | 688s
[epoch 438] train 2.431 (rmsd 1.698/mdn 0.734) | val 3.609 (rmsd 2.862/mdn 0.747) | 607s
[epoch 439] train 2.408 (rmsd 1.676/mdn 0.733) | val 3.624 (rmsd 2.881/mdn 0.743) | 610s
[epoch 440] train 2.422 (rmsd 1.689/mdn 0.733) | val 3.634 (rmsd 2.891/mdn 0.743) | 743s
[epoch 441] train 2.424 (rmsd 1.690/mdn 0.734) | val 3.579 (rmsd 2.840/mdn 0.739) | 642s
[epoch 442] train 2.405 (rmsd 1.671/mdn 0.734) | val 3.609 (rmsd 2.864/mdn 0.745) | 604s
[epoch 443] train 2.415 (rmsd 1.682/mdn 0.734) | val 3.589 (rmsd 2.847/mdn 0.742) | 602s
[epoch 444] train 2.403 (rmsd 1.670/mdn 0.733) | val 3.602 (rmsd 2.861/mdn 0.741) | 688s
[epoch 445] train 2.400 (rmsd 1.667/mdn 0.733) | val 3.662 (rmsd 2.922/mdn 0.740) | 603s
[epoch 446] train 2.394 (rmsd 1.661/mdn 0.733) | val 3.600 (rmsd 2.857/mdn 0.743) | 601s
[epoch 447] train 2.399 (rmsd 1.667/mdn 0.732) | val 3.628 (rmsd 2.885/mdn 0.743) | 654s
[epoch 448] train 2.411 (rmsd 1.678/mdn 0.733) | val 3.616 (rmsd 2.874/mdn 0.741) | 610s
[epoch 449] train 2.407 (rmsd 1.674/mdn 0.733) | val 3.578 (rmsd 2.838/mdn 0.740) | 610s
[epoch 450] train 2.414 (rmsd 1.680/mdn 0.734) | val 3.607 (rmsd 2.865/mdn 0.742) | 610s
[epoch 451] train 2.420 (rmsd 1.686/mdn 0.734) | val 3.612 (rmsd 2.871/mdn 0.741) | 611s
[epoch 452] train 2.406 (rmsd 1.672/mdn 0.734) | val 3.576 (rmsd 2.834/mdn 0.742) | 611s
[epoch 453] train 2.415 (rmsd 1.681/mdn 0.734) | val 3.636 (rmsd 2.891/mdn 0.745) | 611s
[epoch 454] train 2.394 (rmsd 1.661/mdn 0.733) | val 3.618 (rmsd 2.880/mdn 0.738) | 610s
[epoch 455] train 2.407 (rmsd 1.673/mdn 0.733) | val 3.646 (rmsd 2.904/mdn 0.742) | 610s
[epoch 456] train 2.410 (rmsd 1.677/mdn 0.734) | val 3.621 (rmsd 2.878/mdn 0.743) | 613s
[epoch 457] train 2.408 (rmsd 1.674/mdn 0.734) | val 3.606 (rmsd 2.863/mdn 0.743) | 611s
[epoch 458] train 2.393 (rmsd 1.659/mdn 0.734) | val 3.595 (rmsd 2.848/mdn 0.746) | 614s
[epoch 459] train 2.386 (rmsd 1.652/mdn 0.733) | val 3.615 (rmsd 2.870/mdn 0.744) | 611s
[epoch 460] train 2.415 (rmsd 1.681/mdn 0.734) | val 3.610 (rmsd 2.871/mdn 0.740) | 618s
[epoch 461] train 2.406 (rmsd 1.673/mdn 0.733) | val 3.634 (rmsd 2.888/mdn 0.746) | 613s
[epoch 462] train 2.399 (rmsd 1.666/mdn 0.733) | val 3.615 (rmsd 2.875/mdn 0.740) | 610s
[epoch 463] train 2.413 (rmsd 1.679/mdn 0.734) | val 3.563 (rmsd 2.821/mdn 0.742) | 612s
[epoch 464] train 2.409 (rmsd 1.676/mdn 0.733) | val 3.609 (rmsd 2.861/mdn 0.748) | 605s
[epoch 465] train 2.395 (rmsd 1.662/mdn 0.733) | val 3.633 (rmsd 2.893/mdn 0.741) | 608s
[epoch 466] train 2.385 (rmsd 1.652/mdn 0.733) | val 3.624 (rmsd 2.875/mdn 0.748) | 608s
[epoch 467] train 2.386 (rmsd 1.652/mdn 0.734) | val 3.611 (rmsd 2.872/mdn 0.740) | 610s
[epoch 468] train 2.402 (rmsd 1.669/mdn 0.733) | val 3.677 (rmsd 2.938/mdn 0.739) | 607s
[epoch 469] train 2.395 (rmsd 1.661/mdn 0.734) | val 3.630 (rmsd 2.887/mdn 0.743) | 608s
# early stopping at epoch 469
# done. best checkpoint: /home/bdldt_team002/stage2_mgpu_test/work/ckpt_s2_ddp/karmadock_team002.pkl
=== Stage-2 DDP done: /home/bdldt_team002/stage2_mgpu_test/work/ckpt_s2_ddp/karmadock_team002.pkl ===
