000 (169051.000.000) 2026-06-28 19:29:46 Job submitted from host: <10.143.248.60:9618?addrs=10.143.248.60-9618&alias=conduit.hpc.uni-saarland.de&noUDP&sock=schedd_3439953_36a5>
...
001 (169051.000.000) 2026-06-28 22:23:25 Job executing on host: <10.143.248.13:9618?PrivAddr=%3c10.143.250.13:9618%3fsock%3dstartd_5111_4ca2%3e&PrivNet=cs-hpc-storage&addrs=10.143.248.13-9618&alias=surt.hpc.uni-saarland.de&noUDP&sock=startd_5111_4ca2>
	SlotName: slot1_7@surt.hpc.uni-saarland.de
	AvailableGPUs = { GPUs_GPU_7632b7f1 }
	CondorScratchDir = "/raid/condor/lib/condor/execute/dir_837226"
	Cpus = 4
	Disk = 12069
	GPUs = 1
	GPUs_GPU_7632b7f1 = [ Id = "GPU-7632b7f1"; Capability = 8.0; DeviceName = "NVIDIA A100-PCIE-40GB"; DeviceUuid = "7632b7f1-dda3-92ee-16b8-7922a3905fa0"; ECCEnabled = true; NvidiaDriver = "570.211.01"; DriverVersion = 12.8; DevicePciBusId = "0000:25:00.0"; GlobalMemoryMb = 40442; MaxSupportedVersion = 12080 ]
	Memory = 16384
...
006 (169051.000.000) 2026-06-28 22:23:33 Image size of job updated: 459
	459  -  MemoryUsage of job (MB)
	470972  -  ResidentSetSize of job (KB)
...
006 (169051.000.000) 2026-06-28 22:28:33 Image size of job updated: 2394
	2394  -  MemoryUsage of job (MB)
	2452384  -  ResidentSetSize of job (KB)
...
006 (169051.000.000) 2026-06-28 22:33:34 Image size of job updated: 2553
	2553  -  MemoryUsage of job (MB)
	2614736  -  ResidentSetSize of job (KB)
...
006 (169051.000.000) 2026-06-28 22:38:34 Image size of job updated: 2622
	2622  -  MemoryUsage of job (MB)
	2685136  -  ResidentSetSize of job (KB)
...
006 (169051.000.000) 2026-06-28 22:43:35 Image size of job updated: 2750
	2750  -  MemoryUsage of job (MB)
	2816908  -  ResidentSetSize of job (KB)
...
006 (169051.000.000) 2026-06-28 22:48:35 Image size of job updated: 2818
	2818  -  MemoryUsage of job (MB)
	2886356  -  ResidentSetSize of job (KB)
...
006 (169051.000.000) 2026-06-28 22:53:36 Image size of job updated: 2929
	2929  -  MemoryUsage of job (MB)
	2999648  -  ResidentSetSize of job (KB)
...
006 (169051.000.000) 2026-06-28 22:58:37 Image size of job updated: 3027
	3027  -  MemoryUsage of job (MB)
	3100556  -  ResidentSetSize of job (KB)
...
006 (169051.000.000) 2026-06-28 23:03:37 Image size of job updated: 3111
	3111  -  MemoryUsage of job (MB)
	3186048  -  ResidentSetSize of job (KB)
...
006 (169051.000.000) 2026-06-29 04:09:12 Image size of job updated: 4005
	4005  -  MemoryUsage of job (MB)
	4101680  -  ResidentSetSize of job (KB)
...
006 (169051.000.000) 2026-06-29 11:14:54 Image size of job updated: 4346
	4346  -  MemoryUsage of job (MB)
	4451324  -  ResidentSetSize of job (KB)
...
006 (169051.000.000) 2026-06-29 15:25:18 Image size of job updated: 4486
	4486  -  MemoryUsage of job (MB)
	4594040  -  ResidentSetSize of job (KB)
...
006 (169051.000.000) 2026-07-01 05:24:06 Image size of job updated: 4486
	4486  -  MemoryUsage of job (MB)
	4594216  -  ResidentSetSize of job (KB)
...
022 (169051.000.000) 2026-07-01 12:19:05 Job disconnected, attempting to reconnect
    Local schedd and job shadow died, schedd now running again
    Trying to reconnect to slot1_7@surt.hpc.uni-saarland.de <10.143.248.13:9618?PrivAddr=%3c10.143.250.13:9618%3fsock%3dstartd_5111_4ca2%3e&PrivNet=cs-hpc-storage&addrs=10.143.248.13-9618&alias=surt.hpc.uni-saarland.de&noUDP&sock=startd_5111_4ca2>
...
023 (169051.000.000) 2026-07-01 12:19:07 Job reconnected to slot1_7@surt.hpc.uni-saarland.de
    startd address: <10.143.248.13:9618?PrivAddr=%3c10.143.250.13:9618%3fsock%3dstartd_5111_4ca2%3e&PrivNet=cs-hpc-storage&addrs=10.143.248.13-9618&alias=surt.hpc.uni-saarland.de&noUDP&sock=startd_5111_4ca2>
    starter address: <10.143.248.13:9618?PrivAddr=%3c10.143.250.13:9618%3fsock%3dslot1_7_5153_812b_12093%3e&PrivNet=cs-hpc-storage&addrs=10.143.248.13-9618&alias=surt.hpc.uni-saarland.de&noUDP&sock=slot1_7_5153_812b_12093>
...
004 (169051.000.000) 2026-07-01 17:22:26 Job was evicted. Code 1009 Subcode 0
	(0) CPU times
		Usr 2 22:43:12, Sys 0 01:44:03  -  Run Remote Usage
		Usr 0 00:00:00, Sys 0 00:00:00  -  Run Local Usage
	0  -  Run Bytes Sent By Job
	0  -  Run Bytes Received By Job
	Reason: Claim deactivated
	Partitionable Resources :     Usage  Request Allocated 
	   Cpus                 :      0.00        4         4 
	   Disk (KB)            :      1           1     12069 
	   Memory (MB)          :   4486       16384     16384 
	   TimeExecute (s)      : 241140                       
	   TimeSlotBusy (s)     : 241142                       
...
009 (169051.000.000) 2026-07-01 17:22:26 Job was aborted.
	via condor_rm (by user bdldt_team007)
...
