Requirement already satisfied: seaborn in /home/bdldt_team000/.local/lib/python3.12/site-packages (0.13.2)
Requirement already satisfied: scikit-learn in /main/home/mambaforge/lib/python3.12/site-packages (1.5.1)
Requirement already satisfied: safetensors in /home/bdldt_team000/.local/lib/python3.12/site-packages (0.8.0)
Requirement already satisfied: tqdm in /main/home/mambaforge/lib/python3.12/site-packages (4.66.4)
Requirement already satisfied: pandas in /main/home/mambaforge/lib/python3.12/site-packages (2.2.2)
Requirement already satisfied: transformers in /home/bdldt_team000/.local/lib/python3.12/site-packages (5.10.2)
Requirement already satisfied: numpy!=1.24.0,>=1.20 in /main/home/mambaforge/lib/python3.12/site-packages (from seaborn) (1.26.4)
Requirement already satisfied: matplotlib!=3.6.1,>=3.4 in /main/home/mambaforge/lib/python3.12/site-packages (from seaborn) (3.9.1)
Requirement already satisfied: scipy>=1.6.0 in /main/home/mambaforge/lib/python3.12/site-packages (from scikit-learn) (1.14.0)
Requirement already satisfied: joblib>=1.2.0 in /main/home/mambaforge/lib/python3.12/site-packages (from scikit-learn) (1.4.2)
Requirement already satisfied: threadpoolctl>=3.1.0 in /main/home/mambaforge/lib/python3.12/site-packages (from scikit-learn) (3.5.0)
Requirement already satisfied: python-dateutil>=2.8.2 in /main/home/mambaforge/lib/python3.12/site-packages (from pandas) (2.9.0)
Requirement already satisfied: pytz>=2020.1 in /main/home/mambaforge/lib/python3.12/site-packages (from pandas) (2024.1)
Requirement already satisfied: tzdata>=2022.7 in /main/home/mambaforge/lib/python3.12/site-packages (from pandas) (2024.1)
Requirement already satisfied: huggingface-hub<2.0,>=1.5.0 in /home/bdldt_team000/.local/lib/python3.12/site-packages (from transformers) (1.18.0)
Requirement already satisfied: packaging>=20.0 in /main/home/mambaforge/lib/python3.12/site-packages (from transformers) (24.1)
Requirement already satisfied: pyyaml>=5.1 in /main/home/mambaforge/lib/python3.12/site-packages (from transformers) (6.0.1)
Requirement already satisfied: regex>=2025.10.22 in /home/bdldt_team000/.local/lib/python3.12/site-packages (from transformers) (2026.5.9)
Requirement already satisfied: tokenizers<=0.23.0,>=0.22.0 in /home/bdldt_team000/.local/lib/python3.12/site-packages (from transformers) (0.22.2)
Requirement already satisfied: typer in /home/bdldt_team000/.local/lib/python3.12/site-packages (from transformers) (0.25.1)
Requirement already satisfied: click>=8.4.0 in /home/bdldt_team000/.local/lib/python3.12/site-packages (from huggingface-hub<2.0,>=1.5.0->transformers) (8.4.1)
Requirement already satisfied: filelock>=3.10.0 in /main/home/mambaforge/lib/python3.12/site-packages (from huggingface-hub<2.0,>=1.5.0->transformers) (3.13.1)
Requirement already satisfied: fsspec>=2023.5.0 in /main/home/mambaforge/lib/python3.12/site-packages (from huggingface-hub<2.0,>=1.5.0->transformers) (2024.6.1)
Requirement already satisfied: hf-xet<2.0.0,>=1.4.3 in /home/bdldt_team000/.local/lib/python3.12/site-packages (from huggingface-hub<2.0,>=1.5.0->transformers) (1.5.1)
Requirement already satisfied: httpx<1,>=0.23.0 in /home/bdldt_team000/.local/lib/python3.12/site-packages (from huggingface-hub<2.0,>=1.5.0->transformers) (0.28.1)
Requirement already satisfied: typing-extensions>=4.1.0 in /main/home/mambaforge/lib/python3.12/site-packages (from huggingface-hub<2.0,>=1.5.0->transformers) (4.12.2)
Requirement already satisfied: contourpy>=1.0.1 in /main/home/mambaforge/lib/python3.12/site-packages (from matplotlib!=3.6.1,>=3.4->seaborn) (1.2.1)
Requirement already satisfied: cycler>=0.10 in /main/home/mambaforge/lib/python3.12/site-packages (from matplotlib!=3.6.1,>=3.4->seaborn) (0.12.1)
Requirement already satisfied: fonttools>=4.22.0 in /main/home/mambaforge/lib/python3.12/site-packages (from matplotlib!=3.6.1,>=3.4->seaborn) (4.53.1)
Requirement already satisfied: kiwisolver>=1.3.1 in /main/home/mambaforge/lib/python3.12/site-packages (from matplotlib!=3.6.1,>=3.4->seaborn) (1.4.5)
Requirement already satisfied: pillow>=8 in /main/home/mambaforge/lib/python3.12/site-packages (from matplotlib!=3.6.1,>=3.4->seaborn) (10.4.0)
Requirement already satisfied: pyparsing>=2.3.1 in /main/home/mambaforge/lib/python3.12/site-packages (from matplotlib!=3.6.1,>=3.4->seaborn) (3.1.2)
Requirement already satisfied: six>=1.5 in /main/home/mambaforge/lib/python3.12/site-packages (from python-dateutil>=2.8.2->pandas) (1.16.0)
Requirement already satisfied: shellingham>=1.3.0 in /home/bdldt_team000/.local/lib/python3.12/site-packages (from typer->transformers) (1.5.4)
Requirement already satisfied: rich>=13.8.0 in /home/bdldt_team000/.local/lib/python3.12/site-packages (from typer->transformers) (15.0.0)
Requirement already satisfied: annotated-doc>=0.0.2 in /home/bdldt_team000/.local/lib/python3.12/site-packages (from typer->transformers) (0.0.4)
Requirement already satisfied: anyio in /home/bdldt_team000/.local/lib/python3.12/site-packages (from httpx<1,>=0.23.0->huggingface-hub<2.0,>=1.5.0->transformers) (4.13.0)
Requirement already satisfied: certifi in /main/home/mambaforge/lib/python3.12/site-packages (from httpx<1,>=0.23.0->huggingface-hub<2.0,>=1.5.0->transformers) (2024.7.4)
Requirement already satisfied: httpcore==1.* in /home/bdldt_team000/.local/lib/python3.12/site-packages (from httpx<1,>=0.23.0->huggingface-hub<2.0,>=1.5.0->transformers) (1.0.9)
Requirement already satisfied: idna in /main/home/mambaforge/lib/python3.12/site-packages (from httpx<1,>=0.23.0->huggingface-hub<2.0,>=1.5.0->transformers) (3.7)
Requirement already satisfied: h11>=0.16 in /home/bdldt_team000/.local/lib/python3.12/site-packages (from httpcore==1.*->httpx<1,>=0.23.0->huggingface-hub<2.0,>=1.5.0->transformers) (0.16.0)
Requirement already satisfied: markdown-it-py>=2.2.0 in /home/bdldt_team000/.local/lib/python3.12/site-packages (from rich>=13.8.0->typer->transformers) (4.2.0)
Requirement already satisfied: pygments<3.0.0,>=2.13.0 in /main/home/mambaforge/lib/python3.12/site-packages (from rich>=13.8.0->typer->transformers) (2.18.0)
Requirement already satisfied: mdurl~=0.1 in /home/bdldt_team000/.local/lib/python3.12/site-packages (from markdown-it-py>=2.2.0->rich>=13.8.0->typer->transformers) (0.1.2)
