[protein_root] [ligand_root] [0|1, rm_ccd or not]
Missing ligand: data/proto_train/ligand/1dqa_MAH_B_202_pocket.pdb
Missing ligand: data/proto_train/ligand/1f4f_TP3_B_702_pocket.pdb
Missing ligand: data/proto_train/ligand/1ed4_IPU_B_1840_pocket.pdb
Missing ligand: data/proto_train/ligand/1can_NO3_A_511_pocket.pdb
Missing ligand: data/proto_train/ligand/1c84_761_A_301_pocket.pdb
Missing ligand: data/proto_train/ligand/1d8a_TCL_B_504_pocket.pdb
Missing ligand: data/proto_train/ligand/1ahx_HCI_A_411_pocket.pdb
Missing ligand: data/proto_train/ligand/1drb_MTX_A_161_pocket.pdb
Missing ligand: data/proto_train/ligand/1b1h_LYS-LYS_B_1-3_pocket.pdb
Missing ligand: data/proto_train/ligand/10gs_VWW_B_210_pocket.pdb
Missing ligand: data/proto_train/ligand/1cb7_TAR_B_900_pocket.pdb
Missing ligand: data/proto_train/ligand/1ed4_IPU_B_2830_pocket.pdb
Missing ligand: data/proto_train/ligand/1atp_ATP_E_355_pocket.pdb
Missing ligand: data/proto_train/ligand/1b6h_LYS-LYS_B_1-3_pocket.pdb
Missing ligand: data/proto_train/ligand/1ec0_BED_A_501_pocket.pdb
Missing ligand: data/proto_train/ligand/1awi_PRO-PRO_P_1-10_pocket.pdb
Missing ligand: data/proto_train/ligand/1bgq_RDC_A_300_pocket.pdb
Missing ligand: data/proto_train/ligand/1d4j_MSC_B_501_pocket.pdb
Missing ligand: data/proto_train/ligand/1bwn_4IP_B_1_pocket.pdb
Missing ligand: data/proto_train/ligand/1dub_CAA_B_300_pocket.pdb
Missing ligand: data/proto_train/ligand/1afl_ATR_A_125_pocket.pdb
Missing ligand: data/proto_train/ligand/1dmt_RDF_A_750_pocket.pdb
Missing ligand: data/proto_train/ligand/1e7b_HLT_B_4001_pocket.pdb
Missing ligand: data/proto_train/ligand/1f3f_D4T_B_161_pocket.pdb
Missing ligand: data/proto_train/ligand/1cva_AZI_A_357_pocket.pdb
Missing ligand: data/proto_train/ligand/1dib_L34_A_3001_pocket.pdb
Missing ligand: data/proto_train/ligand/1dzm_BZM_A_600_pocket.pdb
Missing ligand: data/proto_train/ligand/1f4f_TP3_A_701_pocket.pdb
Missing ligand: data/proto_train/ligand/1br6_PT1_A_301_pocket.pdb
Missing ligand: data/proto_train/ligand/1c86_OPA_A_301_pocket.pdb
Missing ligand: data/proto_train/ligand/1c5s_ESX_A_246_pocket.pdb
Missing ligand: data/proto_train/ligand/1a0t_GLC-FRU_B_1-2_pocket.pdb
Missing ligand: data/proto_train/ligand/1e8g_FAD_B_600_pocket.pdb
Missing ligand: data/proto_train/ligand/1a29_TFP_A_153_pocket.pdb
Missing ligand: data/proto_train/ligand/1d4h_BEH_B_501_pocket.pdb
Missing ligand: data/proto_train/ligand/1a4k_FRA_B_3083_pocket.pdb
Missing ligand: data/proto_train/ligand/1c83_OAI_A_301_pocket.pdb
Missing ligand: data/proto_train/ligand/1a4q_DPC_B_466_pocket.pdb
Missing ligand: data/proto_train/ligand/1b0h_LYS-LYS_B_601-603_pocket.pdb
Missing ligand: data/proto_train/ligand/1cny_EG3_A_555_pocket.pdb
Missing ligand: data/proto_train/ligand/1cqe_FLP_B_2650_pocket.pdb
Missing ligand: data/proto_train/ligand/1c4v_IH2_2_370_pocket.pdb
Missing ligand: data/proto_train/ligand/1ecv_878_A_301_pocket.pdb
Missing ligand: data/proto_train/ligand/1b05_LYS-LYS_B_1-3_pocket.pdb
Missing ligand: data/proto_train/ligand/1dqx_BMP_C_603_pocket.pdb
Missing ligand: data/proto_train/ligand/1f7k_UMP_A_704_pocket.pdb
Missing ligand: data/proto_train/ligand/1f74_NAY_C_951_pocket.pdb
Missing ligand: data/proto_train/ligand/1f4x_MGS_H_301_pocket.pdb
Missing ligand: data/proto_train/ligand/1doh_NID_B_503_pocket.pdb
Missing ligand: data/proto_train/ligand/1a5s_FIP_A_270_pocket.pdb
Missing ligand: data/proto_train/ligand/1dub_CAA_F_300_pocket.pdb
Missing ligand: data/proto_train/ligand/1f2p_PHE_A_903_pocket.pdb
Missing ligand: data/proto_train/ligand/1ai3_NDO_A_417_pocket.pdb
Missing ligand: data/proto_train/ligand/1ajv_NMB_A_501_pocket.pdb
Missing ligand: data/proto_train/ligand/1dqa_MAH_C_204_pocket.pdb
Missing ligand: data/proto_train/ligand/1ere_EST_B_600_pocket.pdb
Missing ligand: data/proto_train/ligand/1ew9_MMQ_B_559_pocket.pdb
Missing ligand: data/proto_train/ligand/1dhj_MTX_A_161_pocket.pdb
Missing ligand: data/proto_train/ligand/1c6y_MK1_B_524_pocket.pdb
Missing ligand: data/proto_train/ligand/1bhx_R56_F_1_pocket.pdb
Missing ligand: data/proto_train/ligand/1c1r_BAI_A_246_pocket.pdb
