1a9q_HPA_A_290_ligand_refined.sdf, RMSD:0.0766071761216055, E:54.447774134863856
1dbt_U5P_B_251_ligand_refined.sdf, RMSD:1.8166676995847568, E:33.697605460852444
1a52_EST_A_1_ligand_refined.sdf, RMSD:0.1434918594775688, E:61.28658659076259
1f74_NAY_C_951_ligand_refined.sdf, RMSD:1.1319312791534535, E:23.63658955816192
1dq8_MAH_D_203_ligand_refined.sdf, RMSD:1.9135319485370004, E:11.677347890995552
1a4r_GNH_B_400_ligand_refined.sdf, RMSD:2.7524291873802142, E:75.63424387103964
1c14_TCL_A_502_ligand_refined.sdf, RMSD:0.6167279474113596, E:31.13978904538928
1b39_ATP_A_381_ligand_refined.sdf, RMSD:3.069207513909581, E:74.71878920943684
1azm_AZM_A_262_ligand_refined.sdf, RMSD:1.497096343770084, E:47.661139734101724
1ahy_MAE_A_411_ligand_refined.sdf, RMSD:1.3091757731899116, E:5.460462190244698
1ai4_DHY_B_559_ligand_refined.sdf, RMSD:0.5203872715810612, E:15.183671192645676
1eli_PYC_B_815_ligand_refined.sdf, RMSD:1.1234254418388832, E:34.524125919400085
1a69_FMB_B_240_ligand_refined.sdf, RMSD:1.1435927535460206, E:74.48443792234701
1cbx_BZS_A_500_ligand_refined.sdf, RMSD:1.549232237482944, E:18.293952389726993
1bto_SSB_A_378_ligand_refined.sdf, RMSD:0.4619664723002141, E:11.306996182524161
1eqg_IBP_A_701_ligand_refined.sdf, RMSD:1.4627723754813386, E:20.12155659901985
1adl_ACD_A_135_ligand_refined.sdf, RMSD:2.6446434834741757, E:19.4058012784006
1f3f_D4T_C_164_ligand_refined.sdf, RMSD:3.2646279778602754, E:36.62520528239558
1e96_GTP_A_200_ligand_refined.sdf, RMSD:3.967372777781173, E:73.63829252175798
1erb_ETR_A_184_ligand_refined.sdf, RMSD:1.4184154255618222, E:57.774652894197395
1ett_4QQ_H_301_ligand_refined.sdf, RMSD:3.5489639937210313, E:51.26239394162065
1c0l_FLA_A_1364_ligand_refined.sdf, RMSD:1.3012368791189628, E:6.893439734255373
1a0q_HEP_H_214_ligand_refined.sdf, RMSD:2.5078642557496678, E:20.500500737926263
1b9v_RA2_A_468_ligand_refined.sdf, RMSD:1.701191340089712, E:55.04751414564997
1f3e_DPZ_A_400_ligand_refined.sdf, RMSD:0.0925466818912594, E:33.76475083237891
1e3g_R18_A_1000_ligand_refined.sdf, RMSD:0.29338981970991446, E:66.04916431462986
1a0t_GLC-FRU_E_1-2_ligand_refined.sdf, RMSD:1.4317768541514515, E:52.843614503514644
1e72_GOX_M_999_ligand_refined.sdf, RMSD:0.26367220179797024, E:21.407965532265813
1dmp_DMQ_B_450_ligand_refined.sdf, RMSD:2.3226147951388216, E:72.46644530222525
1dqa_MAH_C_204_ligand_refined.sdf, RMSD:1.8976293454472613, E:11.677347890995552
1dqa_MAH_A_201_ligand_refined.sdf, RMSD:1.9167596565721898, E:11.677347890995552
1f4x_MGS_H_301_ligand_refined.sdf, RMSD:1.3323368765639292, E:38.48603696852137
1ecq_DXG_D_502_ligand_refined.sdf, RMSD:1.5862298822309966, E:13.154888115281917
1dog_NOJ_A_496_ligand_refined.sdf, RMSD:0.6747217990341297, E:18.650799148180983
1dvs_STL_A_125_ligand_refined.sdf, RMSD:0.6625436577697938, E:33.42375925486404
1d0o_INE_B_765_ligand_refined.sdf, RMSD:0.8434848399576282, E:59.57596133025342
1ai3_NDO_A_417_ligand_refined.sdf, RMSD:3.7238323781513576, E:105.11921874028779
1ed4_IPU_B_1840_ligand_refined.sdf, RMSD:1.1517904801487289, E:2.6310551823088177
1egh_PGA_B_211_ligand_refined.sdf, RMSD:0.9812990586232223, E:4.346747824185695
1el9_MTG_A_801_ligand_refined.sdf, RMSD:0.46277563520544057, E:1.6258960788348553
1bn1_AL5_A_555_ligand_refined.sdf, RMSD:1.990116056169235, E:55.723864158598154
1bmk_SB5_A_800_ligand_refined.sdf, RMSD:1.3212443083622194, E:341.04529455575994
1dth_BAT_B_973_ligand_refined.sdf, RMSD:3.8068642919571616, E:61.66609091021563
1doh_NID_B_503_ligand_refined.sdf, RMSD:0.12455689898281487, E:49.64322239363633
1drj_RIP_A_272_ligand_refined.sdf, RMSD:0.05111893354640973, E:18.031727604332577
1cb7_TAR_B_900_ligand_refined.sdf, RMSD:1.484124146057986, E:8.140934976687868
1ecq_DXG_C_501_ligand_refined.sdf, RMSD:1.3410978067575368, E:13.154888115281917
1d7i_DSS_B_302_ligand_refined.sdf, RMSD:0.648905659874765, E:0.5140585152078454
1d8a_TCL_B_504_ligand_refined.sdf, RMSD:0.5364403615440001, E:31.13978904538928
1ere_EST_A_600_ligand_refined.sdf, RMSD:0.15114998426188847, E:61.28658659076259
1ctr_TFP_A_153_ligand_refined.sdf, RMSD:2.0684065638913505, E:73.0547293174878
1bp0_UMP_A_317_ligand_refined.sdf, RMSD:1.5303975196310111, E:31.50847599134122
1bnq_AL4_A_555_ligand_refined.sdf, RMSD:1.7696144049589733, E:67.19998642904804
1eoc_4NC_B_999_ligand_refined.sdf, RMSD:0.9371482464400572, E:15.31940344052514
1a8i_GLS_A_998_ligand_refined.sdf, RMSD:0.0953611725761571, E:50.53910266782758
1drk_RIP_A_272_ligand_refined.sdf, RMSD:0.03655150049455427, E:18.031727604332577
1eei_GAA_D_504_ligand_refined.sdf, RMSD:1.4890830999806768, E:38.953660066621744
1e2n_RCA_B_500_ligand_refined.sdf, RMSD:1.2864702611294059, E:41.12068468276197
1cs4_101_B_1082_ligand_refined.sdf, RMSD:1.3002880119814226, E:72.93719775139958
1eix_BMQ_A_1301_ligand_refined.sdf, RMSD:1.0780251014988704, E:30.433554795538882
1a4m_PRH_C_1354_ligand_refined.sdf, RMSD:0.9221535181680177, E:68.59533100612252
1bcd_FMS_A_500_ligand_refined.sdf, RMSD:1.1795580929068268, E:-0.42897854067522034
185l_IND_A_400_ligand_refined.sdf, RMSD:0.03865104125053419, E:49.03953994621216
1ahx_HCI_A_411_ligand_refined.sdf, RMSD:1.0018708762051083, E:14.403216787208445
1eld_0Z0_E_256_ligand_refined.sdf, RMSD:1.4608326115164512, E:40.7314071433498
1bap_ARA_A_307_ligand_refined.sdf, RMSD:0.0806598047271885, E:18.042591549949588
1bcj_NGA_3_1_ligand_refined.sdf, RMSD:0.4433529507871621, E:22.871564880706337
1dyr_TOP_A_407_ligand_refined.sdf, RMSD:1.8313572898497315, E:37.66083330437899
1c7e_FMN_B_2149_ligand_refined.sdf, RMSD:1.59767687880457, E:61.69156833656961
1ep4_S11_A_999_ligand_refined.sdf, RMSD:2.428525426784612, E:62.89318326699168
1b51_LYS-LYS_B_1-3_ligand_refined.sdf, RMSD:1.9223942384098178, E:22.615919654711533
1czh_FMN_A_170_ligand_refined.sdf, RMSD:1.5942424482602435, E:61.69156833656961
1bic_BCT_A_498_ligand_refined.sdf, RMSD:0.0809774073617843, E:5.640127605276489e-19
1e02_UNA_B_600_ligand_refined.sdf, RMSD:2.859115625727513, E:9.387623569523804
1add_1DA_A_353_ligand_refined.sdf, RMSD:0.6956398599683927, E:72.4671064485268
1d09_PAL_A_1311_ligand_refined.sdf, RMSD:1.727185743479659, E:7.496441512970825
1d2e_GDP_C_1303_ligand_refined.sdf, RMSD:2.842656556217411, E:74.06914788116704
1acj_THA_A_999_ligand_refined.sdf, RMSD:0.27101178212977745, E:35.93775577474482
1ef3_FID_B_350_ligand_refined.sdf, RMSD:0.2419866847284511, E:49.26363335773585
1dra_MTX_A_161_ligand_refined.sdf, RMSD:2.96701784213993, E:52.71257086882681
1ddr_MTX_B_200_ligand_refined.sdf, RMSD:3.578935486622029, E:53.36847239126499
1exv_700_B_1862_ligand_refined.sdf, RMSD:0.8423142060600751, E:122.46314056832922
1c2d_BAK_A_246_ligand_refined.sdf, RMSD:2.2360395895830742, E:122.42616732173228
1a69_FMB_C_240_ligand_refined.sdf, RMSD:1.0571674722570126, E:74.48443799290605
1a0t_GLC-FRU_D_1-2_ligand_refined.sdf, RMSD:1.3271008775990156, E:52.843614503514644
1a5s_FIP_A_270_ligand_refined.sdf, RMSD:2.3307886055189204, E:54.50238813249979
1akw_FMN_A_149_ligand_refined.sdf, RMSD:1.648710273768163, E:61.69156833656961
1cea_ACA_B_90_ligand_refined.sdf, RMSD:0.9120633436764647, E:7.178378978567356
1bgq_RDC_A_300_ligand_refined.sdf, RMSD:2.2685640644970158, E:381.03897436103233
1dcy_I3N_A_1201_ligand_refined.sdf, RMSD:1.1738471329319304, E:71.75876846820609
1duv_PSQ_G_401_ligand_refined.sdf, RMSD:1.9266949027211746, E:9.765824137673476
1b38_ATP_A_381_ligand_refined.sdf, RMSD:3.013486942713542, E:74.71878920943684
1bzj_PIC_A_301_ligand_refined.sdf, RMSD:1.8021986461615433, E:26.346096995491965
1efy_BZC_A_201_ligand_refined.sdf, RMSD:0.7789177129184814, E:72.46684224622418
1bwn_4IP_B_172_ligand_refined.sdf, RMSD:1.6262909585430398, E:33.284176467146715
1ecv_878_A_301_ligand_refined.sdf, RMSD:0.7806248083351575, E:22.404097423116895
1e6s_GOX_M_921_ligand_refined.sdf, RMSD:0.20742180546533753, E:21.407965532265813
1err_RAL_B_600_ligand_refined.sdf, RMSD:1.3795052789988866, E:105.92562948353518
1d0o_INE_A_760_ligand_refined.sdf, RMSD:0.8486120209182858, E:59.57596133025342
1dqr_6PG_A_600_ligand_refined.sdf, RMSD:1.4829128552801454, E:19.35767972650082
1df8_BTN_B_202_ligand_refined.sdf, RMSD:1.4356047592435457, E:32.35417590423462
1atp_ATP_E_355_ligand_refined.sdf, RMSD:3.4413313311318303, E:76.38123596600812
1efi_GAT_H_108_ligand_refined.sdf, RMSD:0.7847502040221093, E:34.501842591245506
1ado_13P_B_1053_ligand_refined.sdf, RMSD:1.323092313706394, E:5.749606066981753
1eei_GAA_F_506_ligand_refined.sdf, RMSD:1.4715420456797947, E:38.953660066621744
1cam_BCT_A_500_ligand_refined.sdf, RMSD:0.10653096513128374, E:5.640127605276489e-19
1e2l_TMC_B_500_ligand_refined.sdf, RMSD:0.47875413434964426, E:306.96744178125783
1ew9_MMQ_A_559_ligand_refined.sdf, RMSD:1.507929927372283, E:-0.5371357249455475
1f8b_DAN_A_0_ligand_refined.sdf, RMSD:0.8261878484839461, E:27.820660766084647
1dqn_IMU_B_301_ligand_refined.sdf, RMSD:2.4367142720573205, E:76.83973327656581
1cps_CPM_A_588_ligand_refined.sdf, RMSD:1.9607617914100095, E:15.769662603495634
1f4e_TPR_A_302_ligand_refined.sdf, RMSD:2.1606815759499045, E:30.115394329524637
1cjb_IRP_D_300_ligand_refined.sdf, RMSD:1.944932787450986, E:76.5130212008312
1a1e_ACE-DIY_D_100-103_ligand_refined.sdf, RMSD:3.0137031549313935, E:47.03563286358389
1f7k_UMP_A_704_ligand_refined.sdf, RMSD:1.1419762939808744, E:31.50847599134122
1ceb_AMH_B_90_ligand_refined.sdf, RMSD:0.5373745120532254, E:15.616034305243415
1afl_ATR_A_125_ligand_refined.sdf, RMSD:2.721731568305038, E:76.50198210317146
1ag9_FMN_A_177_ligand_refined.sdf, RMSD:1.612132489804564, E:61.69156833656961
1am1_ADP_A_300_ligand_refined.sdf, RMSD:2.2553569919589944, E:74.93484607252176
1d4h_BEH_B_501_ligand_refined.sdf, RMSD:3.7758287500715686, E:83.74354806609139
182l_BZF_A_401_ligand_refined.sdf, RMSD:0.04807148728108615, E:49.232326323924106
1dhi_MTX_A_161_ligand_refined.sdf, RMSD:2.990910052132384, E:52.71257086882681
1css_FCX_A_700_ligand_refined.sdf, RMSD:2.874961343801345, E:91.75181999322939
1elb_0Z4_A_256_ligand_refined.sdf, RMSD:2.0592809432809376, E:40.074914686289745
1df1_ITU_A_899_ligand_refined.sdf, RMSD:0.6115457182305973, E:0.9218892947565508
1dzm_BZM_B_600_ligand_refined.sdf, RMSD:1.2260606169579176, E:26.67639422252308
1abf_FCB_A_308_ligand_refined.sdf, RMSD:0.10785083943072778, E:18.90529040847033
1ax0_A2G_A_401_ligand_refined.sdf, RMSD:0.4316107384186687, E:26.789559447691293
1dar_GDP_A_692_ligand_refined.sdf, RMSD:2.8164006513966178, E:74.06914788116704
1eve_E20_A_2001_ligand_refined.sdf, RMSD:1.9629193541694963, E:69.60619427441011
1ao8_MTX_A_170_ligand_refined.sdf, RMSD:2.7951678753476066, E:52.71257086882681
1f0r_815_A_401_ligand_refined.sdf, RMSD:3.357640189643564, E:92.55610276028692
13gs_SAS_A_211_ligand_refined.sdf, RMSD:2.3030005787900345, E:47.65666767242932
1f73_HMN_D_703_ligand_refined.sdf, RMSD:1.4796436783500428, E:28.723528726821183
1f0q_EMO_A_400_ligand_refined.sdf, RMSD:0.10461308836735388, E:39.33889372931666
1a7c_ACE-NH2_C_910-916_ligand_refined.sdf, RMSD:4.80851696109219, E:31.425178312266628
187l_PXY_A_400_ligand_refined.sdf, RMSD:0.04491218756671582, E:14.577704398317046
1al8_DHP_A_361_ligand_refined.sdf, RMSD:2.2297025816831924, E:46.090917647732354
1ecm_TSA_A_500_ligand_refined.sdf, RMSD:1.0763749696302387, E:41.778782783409866
1b3g_LYS-LYS_B_1-3_ligand_refined.sdf, RMSD:2.25912499430493, E:31.619774061611615
1e00_DHM_B_600_ligand_refined.sdf, RMSD:1.051868794342688, E:13.562968449997983
1e7w_MTX_A_301_ligand_refined.sdf, RMSD:3.318986067450619, E:52.71257086882681
1efi_GAT_E_105_ligand_refined.sdf, RMSD:0.5182531223924101, E:34.501842591245506
1f8c_4AM_A_4_ligand_refined.sdf, RMSD:0.7199110004676301, E:27.93715609807174
1d8f_SPI_B_901_ligand_refined.sdf, RMSD:1.3848099931437978, E:50.98827189888059
1cqp_803_A_311_ligand_refined.sdf, RMSD:1.6816198123622554, E:51.09488251368656
1a85_0DY_A_1_ligand_refined.sdf, RMSD:3.4693917878020017, E:28.62466063604426
1a4k_FRA_H_3083_ligand_refined.sdf, RMSD:0.920415296266951, E:80.96386773213119
1d0c_INE_B_765_ligand_refined.sdf, RMSD:0.8415787576311009, E:59.57596133025342
1bwn_4IP_A_1_ligand_refined.sdf, RMSD:1.4643993589710906, E:33.284176467146715
1bqo_N25_B_401_ligand_refined.sdf, RMSD:2.2393655567965634, E:55.49715561175258
1b46_LYS-LYS_B_1-3_ligand_refined.sdf, RMSD:2.1014671450955094, E:35.04076132381192
1ai5_MNP_B_559_ligand_refined.sdf, RMSD:1.003707174826445, E:17.01215542314854
1bm7_FLF_A_501_ligand_refined.sdf, RMSD:1.4435382263138368, E:37.93846090317255
1cim_PTS_A_264_ligand_refined.sdf, RMSD:1.2124906192469833, E:51.33653685412079
1a69_FMB_A_240_ligand_refined.sdf, RMSD:1.2482467353112385, E:74.48443799290605
1c14_TCL_B_1502_ligand_refined.sdf, RMSD:0.6770002003686276, E:31.13978904538928
1eyk_AMP_A_341_ligand_refined.sdf, RMSD:1.8233780214598925, E:73.80399496420377
1b55_4IP_B_172_ligand_refined.sdf, RMSD:1.538564278454023, E:33.284176467146715
1e3k_R18_A_1000_ligand_refined.sdf, RMSD:0.31263438574014457, E:66.04916430543713
1ajn_AAN_B_559_ligand_refined.sdf, RMSD:1.4293255305753099, E:16.218330155680412
1f3f_D4T_B_161_ligand_refined.sdf, RMSD:3.315025952274367, E:36.62520528239558
1bv9_XV6_A_638_ligand_refined.sdf, RMSD:4.101309297568828, E:158.5183458867166
1f73_HMN_A_700_ligand_refined.sdf, RMSD:1.4562446666691942, E:28.723528726821183
1ahy_MAE_B_411_ligand_refined.sdf, RMSD:1.3047256665607911, E:5.460462190244698
1a30_GLU-LEU_C_506-508_ligand_refined.sdf, RMSD:1.8588112631041176, E:22.77197148276314
1a99_PUT_D_371_ligand_refined.sdf, RMSD:0.4593702505139374, E:7.485510880716525
1b05_LYS-LYS_B_1-3_ligand_refined.sdf, RMSD:3.296477649375676, E:25.53816270777479
1bb6_UMG_A_130_ligand_refined.sdf, RMSD:3.4427763256855073, E:112.57676340812313
1bzy_IMU_D_300_ligand_refined.sdf, RMSD:2.3888816825653265, E:76.83973327656581
1a7c_ACE-NH2_B_900-906_ligand_refined.sdf, RMSD:4.8387109739248055, E:31.95718864787807
1b58_LYS-LYS_B_1-3_ligand_refined.sdf, RMSD:2.5848662656832873, E:36.647275592632376
1drf_FOL_A_187_ligand_refined.sdf, RMSD:2.260396780211672, E:48.605668907169836
1ec2_BEJ_B_501_ligand_refined.sdf, RMSD:5.187632766627841, E:92.999638085706
1bnn_AL1_A_555_ligand_refined.sdf, RMSD:1.7064859697234296, E:71.02672234475327
1a1b_ACE-DIP_D_100-103_ligand_refined.sdf, RMSD:3.992026392985446, E:37.867155425422276
1det_2GP_A_105_ligand_refined.sdf, RMSD:2.575714589383918, E:75.35585846514113
1d09_PAL_C_1312_ligand_refined.sdf, RMSD:1.6868551742984148, E:7.496441512970825
1el5_DMG_A_801_ligand_refined.sdf, RMSD:0.8855027714319945, E:11.472313009203877
1d1w_ATQ_A_805_ligand_refined.sdf, RMSD:0.20324280937849315, E:13.703176344992055
1c1r_BAI_A_246_ligand_refined.sdf, RMSD:0.8136282396650599, E:111.86929013000704
1d6v_HOP_H_401_ligand_refined.sdf, RMSD:1.6567491921415753, E:45.49459416318239
1dqx_BMP_C_603_ligand_refined.sdf, RMSD:1.0909588051348527, E:36.65412746620287
1e1v_CMG_A_401_ligand_refined.sdf, RMSD:0.8093867920661603, E:63.13960363515163
1bcj_NGA_2_1_ligand_refined.sdf, RMSD:0.44244024710856156, E:22.871564880706337
1akt_FMN_A_149_ligand_refined.sdf, RMSD:1.628080465230328, E:61.69156833656961
1e8g_FAD_A_600_ligand_refined.sdf, RMSD:5.753305331275227, E:124.20881024781117
1bir_2GP_B_107_ligand_refined.sdf, RMSD:1.1877898119078867, E:75.33497671966128
1dmt_RDF_A_750_ligand_refined.sdf, RMSD:3.5961455779594744, E:85.49128390102379
1e3v_DXC_B_801_ligand_refined.sdf, RMSD:0.9689453869610914, E:79.85427493475109
1bnm_AL8_A_555_ligand_refined.sdf, RMSD:1.8595428392327629, E:77.18523126048748
1azl_FMN_A_149_ligand_refined.sdf, RMSD:1.6345091356770185, E:61.69156833656961
1c3v_NDP_B_1301_ligand_refined.sdf, RMSD:4.573869055973838, E:103.36176741942892
1e9h_INR_C_1298_ligand_refined.sdf, RMSD:0.8200211844759433, E:107.97731787104323
183l_DEN_A_400_ligand_refined.sdf, RMSD:0.04279996722674408, E:34.77916155072777
1dub_CAA_F_300_ligand_refined.sdf, RMSD:5.754495633057887, E:91.48130077821496
1d3d_BZT_B_400_ligand_refined.sdf, RMSD:2.8031280698696808, E:115.65788614087009
1bl7_SB4_A_800_ligand_refined.sdf, RMSD:1.6229345795986927, E:85.11430356160407
1f7k_UMP_B_703_ligand_refined.sdf, RMSD:0.7333812227394301, E:31.50847599134122
186l_N4B_A_400_ligand_refined.sdf, RMSD:1.398705591451902, E:14.761872308379209
1dls_MTX_A_188_ligand_refined.sdf, RMSD:2.2837775898842567, E:53.1939043239431
1bn3_AL6_A_555_ligand_refined.sdf, RMSD:1.9024211738768078, E:71.49384010067833
1c3v_NDP_A_801_ligand_refined.sdf, RMSD:4.602787252926816, E:103.36176741942892
1egh_PGA_E_241_ligand_refined.sdf, RMSD:0.9759380081807586, E:4.346747824185695
1ahx_HCI_B_411_ligand_refined.sdf, RMSD:1.1462507052834119, E:14.403216787208445
1ec3_MS3_A_501_ligand_refined.sdf, RMSD:5.6731752582388175, E:79.13133198494252
1ae4_TOL_A_600_ligand_refined.sdf, RMSD:1.8711664876686105, E:52.93790808580315
1d4i_BEG_A_501_ligand_refined.sdf, RMSD:5.025398780274676, E:98.8666687674635
1c86_OPA_A_301_ligand_refined.sdf, RMSD:0.692760061302664, E:60.81631753698941
1c84_761_A_301_ligand_refined.sdf, RMSD:0.7410698067283481, E:36.600836768425175
1f5l_AMR_A_301_ligand_refined.sdf, RMSD:0.8483652871957604, E:25.10615321315308
1f2o_LEU_A_903_ligand_refined.sdf, RMSD:0.7854481835036031, E:10.3632416657143
1d6h_COA_A_390_ligand_refined.sdf, RMSD:3.0728496050168594, E:89.53583559456153
1db5_6IN_A_200_ligand_refined.sdf, RMSD:1.7491794568632297, E:74.78922383694606
1e02_UNA_A_600_ligand_refined.sdf, RMSD:2.903502419791748, E:9.387623569523804
1dg5_TOP_A_201_ligand_refined.sdf, RMSD:1.9059337112421049, E:37.66083330437899
1d3p_BT3_B_400_ligand_refined.sdf, RMSD:3.4906148494524176, E:114.45892427161729
1f28_F89_A_401_ligand_refined.sdf, RMSD:1.9919867405164262, E:91.6173256729582
1c6y_MK1_B_524_ligand_refined.sdf, RMSD:4.523840684618055, E:96.40835419349786
1bto_SSB_B_378_ligand_refined.sdf, RMSD:0.46381603315123, E:11.306996182524161
1ccw_TAR_B_900_ligand_refined.sdf, RMSD:1.4838550825017518, E:8.140934976687868
1eqg_IBP_B_1701_ligand_refined.sdf, RMSD:1.4630505250610786, E:20.12155659901985
1e1x_NW1_A_401_ligand_refined.sdf, RMSD:1.4803572963916363, E:24.992909705020338
1d0c_INE_A_760_ligand_refined.sdf, RMSD:0.8398588851953801, E:59.57596133025342
1bwn_4IP_A_172_ligand_refined.sdf, RMSD:1.5868493765570229, E:33.284176467146715
1c8k_CPB_A_940_ligand_refined.sdf, RMSD:1.5954088809538864, E:68.65187547982931
1e4h_PBR_A_998_ligand_refined.sdf, RMSD:0.03231036247370985, E:20.11947597636817
1boz_PRD_A_400_ligand_refined.sdf, RMSD:1.5766604429812188, E:51.038230953754244
1a4m_PRH_D_1854_ligand_refined.sdf, RMSD:0.9238786919609236, E:68.59533100612252
1e3k_R18_B_1000_ligand_refined.sdf, RMSD:0.33245506648315026, E:66.04916430543713
1b6m_PI6_B_201_ligand_refined.sdf, RMSD:2.8427102687365835, E:73.8956591562611
1e1y_CPB_A_940_ligand_refined.sdf, RMSD:1.5981078480048525, E:68.65187547982931
1dia_L24_A_3001_ligand_refined.sdf, RMSD:2.340995969720843, E:47.02046433328703
1e2n_RCA_A_500_ligand_refined.sdf, RMSD:1.296414104986181, E:41.12068468276197
1fcz_156_A_450_ligand_refined.sdf, RMSD:1.9524149820617718, E:61.90167005289923
1a0t_GLC-FRU_F_1-2_ligand_refined.sdf, RMSD:1.333909929042957, E:52.843614503514644
1biw_S80_B_401_ligand_refined.sdf, RMSD:3.025905865264502, E:43.68119502208265
1f28_F89_C_403_ligand_refined.sdf, RMSD:1.9975722252432606, E:91.6173256729582
1bto_SSB_C_378_ligand_refined.sdf, RMSD:0.4592856481329287, E:11.306996182524161
1bra_BEN_A_246_ligand_refined.sdf, RMSD:0.1957471237677922, E:17.39210025717027
1bmn_BM9_H_1_ligand_refined.sdf, RMSD:2.185016856534338, E:62.10130298678182
1bl6_SB6_A_800_ligand_refined.sdf, RMSD:1.3301400766129343, E:342.0753252137456
1egh_PGA_D_231_ligand_refined.sdf, RMSD:0.964694277183506, E:4.346747824185695
1c0i_BE2_A_1365_ligand_refined.sdf, RMSD:0.5580872753532888, E:15.554408092893151
1atl_0QI_B_311_ligand_refined.sdf, RMSD:2.817415895726575, E:26.552962689318676
1apb_FCA_A_307_ligand_refined.sdf, RMSD:0.10103847367935732, E:21.32477116229711
1b1h_LYS-LYS_B_1-3_ligand_refined.sdf, RMSD:3.6161462901295174, E:37.83835024258611
1d9i_00P_A_380_ligand_refined.sdf, RMSD:3.423854593431394, E:84.54981202285106
1ctu_ZEB_A_295_ligand_refined.sdf, RMSD:0.856215256648186, E:29.30944470624827
1b9j_LYS-LYS_B_1-3_ligand_refined.sdf, RMSD:1.843631959703695, E:29.930153353630747
1ek2_CDU_B_1200_ligand_refined.sdf, RMSD:3.7430954556585516, E:21.955603731682757
1a08_ACE-DIP_C_100-103_ligand_refined.sdf, RMSD:4.897456940703427, E:35.244830846918006
1bv7_XV6_A_638_ligand_refined.sdf, RMSD:4.191297930469401, E:158.5183458867166
1b42_M1A_A_600_ligand_refined.sdf, RMSD:0.08339570590134208, E:60.15532842279705
1czk_FMN_A_170_ligand_refined.sdf, RMSD:1.7136091534805376, E:61.69156833656961
1c83_OAI_A_301_ligand_refined.sdf, RMSD:0.6706478694055502, E:60.88088659189015
1ere_EST_B_600_ligand_refined.sdf, RMSD:0.1440215160166782, E:61.28658659076259
1f8e_49A_A_0_ligand_refined.sdf, RMSD:1.1516599348813075, E:30.46291705052312
1f40_GPI_A_108_ligand_refined.sdf, RMSD:2.0779611071780617, E:42.96071138055761
1b5j_LYS-LYS_B_1-3_ligand_refined.sdf, RMSD:3.1756732804125676, E:28.793314161121792
1b8y_IN7_A_502_ligand_refined.sdf, RMSD:1.6032702906553282, E:45.841740246146145
1az1_ALR_A_318_ligand_refined.sdf, RMSD:0.7860559442482256, E:33.562039100615536
1c5y_ESP_B_251_ligand_refined.sdf, RMSD:0.9512006231362949, E:51.04292203890268
1a29_TFP_A_153_ligand_refined.sdf, RMSD:2.669531532696427, E:74.06538279447773
1b4d_CRA_A_998_ligand_refined.sdf, RMSD:1.1122329195489657, E:33.914970046513574
1a86_0ZB_A_1_ligand_refined.sdf, RMSD:2.2789328737700454, E:28.14630269812222
1b74_DGN_A_538_ligand_refined.sdf, RMSD:0.7371887348475383, E:8.882225955870037
1f4g_TP4_A_601_ligand_refined.sdf, RMSD:3.183846301148516, E:44.348263455066274
1d2e_GDP_B_1302_ligand_refined.sdf, RMSD:2.866624262739963, E:74.06914788116704
1a50_FIP_A_270_ligand_refined.sdf, RMSD:2.3084067763405, E:54.50238813249979
1c2t_NHS_B_220_ligand_refined.sdf, RMSD:2.6267622048211847, E:51.47768857971473
1c2t_NHS_A_222_ligand_refined.sdf, RMSD:2.6925589063873403, E:51.47768857971473
1ere_EST_C_600_ligand_refined.sdf, RMSD:0.1418098748852262, E:61.28658659076259
1eyj_AMP_A_341_ligand_refined.sdf, RMSD:1.8194107679487426, E:73.80399496420377
1cbr_REA_A_200_ligand_refined.sdf, RMSD:1.609636299912681, E:50.833457416717174
1b2h_LYS-LYS_B_1-3_ligand_refined.sdf, RMSD:2.7759250832179734, E:28.935626988373944
1c87_OPA_A_301_ligand_refined.sdf, RMSD:0.8508603946524816, E:60.82294818679639
1dvj_UP6_A_5001_ligand_refined.sdf, RMSD:1.7490691940253928, E:32.169601051338766
1cqe_FLP_B_2650_ligand_refined.sdf, RMSD:1.4550967097451217, E:33.450527309143354
1dih_NDP_A_301_ligand_refined.sdf, RMSD:4.477880935174515, E:103.36176741942892
1d3g_BRE_A_397_ligand_refined.sdf, RMSD:1.0156622259394197, E:71.47115009526998
1ed5_NRG_B_2705_ligand_refined.sdf, RMSD:1.4318330573371416, E:19.3582588599396
1e3v_DXC_A_801_ligand_refined.sdf, RMSD:0.9883675235216736, E:79.85427493475109
181l_BNZ_A_400_ligand_refined.sdf, RMSD:0.03507238316156249, E:10.544731800623074
1ed4_IPU_A_1830_ligand_refined.sdf, RMSD:1.26320790125554, E:2.6310551823088177
1c5s_ESX_A_246_ligand_refined.sdf, RMSD:0.9520844044337728, E:50.011402528110494
1d8m_BBH_B_901_ligand_refined.sdf, RMSD:2.164037049871152, E:48.50401318001853
1dzm_BZM_A_600_ligand_refined.sdf, RMSD:1.2456268449487213, E:26.67639422252308
1bjv_GP8_A_900_ligand_refined.sdf, RMSD:2.1222539572382315, E:61.50988583907516
1ax1_BGC-GAL_C_1-2_ligand_refined.sdf, RMSD:0.7061487023299546, E:44.20307633318373
1ew9_MMQ_B_559_ligand_refined.sdf, RMSD:1.4949215452865525, E:-0.5371357249455475
1err_RAL_A_600_ligand_refined.sdf, RMSD:1.369010116980401, E:105.92562948353518
1e00_DHM_A_600_ligand_refined.sdf, RMSD:1.330647515351732, E:13.562968449997983
1efi_GAT_G_107_ligand_refined.sdf, RMSD:1.1627289428242258, E:34.501842591245506
1a1c_ACE-DIX_C_100-103_ligand_refined.sdf, RMSD:4.290132687891944, E:47.074833608956
1f8d_9AM_A_0_ligand_refined.sdf, RMSD:0.9365042044603819, E:28.395573259272762
1eli_PYC_A_801_ligand_refined.sdf, RMSD:1.1242043168595524, E:34.524125919400085
1a9r_HPA_A_290_ligand_refined.sdf, RMSD:0.06312316327772724, E:54.447774134863856
1dq8_MAH_A_200_ligand_refined.sdf, RMSD:1.8977557385322277, E:11.677347890995552
1egh_PGA_C_221_ligand_refined.sdf, RMSD:0.9712737563114014, E:4.346747824185695
1f0t_PR1_A_304_ligand_refined.sdf, RMSD:3.439559196842783, E:85.17243460129751
1e66_HUX_A_803_ligand_refined.sdf, RMSD:0.31396317358174125, E:51.1013392194205
1bzm_MZM_A_262_ligand_refined.sdf, RMSD:0.9998869276249818, E:53.27008397112177
1ele_0QN_E_256_ligand_refined.sdf, RMSD:2.9778344455012418, E:34.763864662252494
1djx_I3P_A_1_ligand_refined.sdf, RMSD:1.3445951392951576, E:29.50036728572156
1dzk_PRZ_A_700_ligand_refined.sdf, RMSD:1.261321914803639, E:17.402586666442485
1d2e_GDP_D_1304_ligand_refined.sdf, RMSD:2.8545126249417443, E:74.06914788116704
1anf_GLC-GLC_B_1-2_ligand_refined.sdf, RMSD:1.0988637605946645, E:51.41763891435867
1eqh_FLP_A_701_ligand_refined.sdf, RMSD:1.6427940908806797, E:33.450527309143354
1dqx_BMP_A_601_ligand_refined.sdf, RMSD:1.1007605161674803, E:36.65412746620287
1chm_CMS_B_404_ligand_refined.sdf, RMSD:1.0039573782566493, E:6.977418939844343
1e2l_TMC_A_500_ligand_refined.sdf, RMSD:0.4829255835628111, E:306.96744178125783
1f92_UKP_A_300_ligand_refined.sdf, RMSD:3.459448225791031, E:81.07261887177515
1cqp_803_B_311_ligand_refined.sdf, RMSD:1.7338707155227218, E:51.09488251368656
1ebg_PAH_B_440_ligand_refined.sdf, RMSD:1.2824355668995198, E:1.4322966549784935
1f73_HMN_C_702_ligand_refined.sdf, RMSD:1.4309057131624185, E:28.723528726821183
1doh_NID_A_502_ligand_refined.sdf, RMSD:0.13377201465278232, E:49.64322239363633
1bap_ARB_A_308_ligand_refined.sdf, RMSD:1.153481116822456, E:17.965750931543713
1c7f_FMN_A_1149_ligand_refined.sdf, RMSD:1.645572645265485, E:61.69156833656961
1ctt_DHZ_A_295_ligand_refined.sdf, RMSD:0.7670985316110207, E:28.116494729738633
1enu_APZ_A_400_ligand_refined.sdf, RMSD:0.03221291277461911, E:25.529874608347797
1duv_PSQ_H_402_ligand_refined.sdf, RMSD:1.9269273282748265, E:9.765824137673476
1c5n_ESI_H_522_ligand_refined.sdf, RMSD:0.9289205498243691, E:50.565703162442404
1ela_0Z1_A_256_ligand_refined.sdf, RMSD:1.6837339316521536, E:46.35898278154071
1cet_CLQ_A_1001_ligand_refined.sdf, RMSD:2.0945446796116274, E:50.2377026912215
1cil_ETS_A_263_ligand_refined.sdf, RMSD:0.9779656198298083, E:55.805187651407024
1f4f_TP3_A_701_ligand_refined.sdf, RMSD:1.5325548595491072, E:40.632831322700106
1e2p_CCV_B_500_ligand_refined.sdf, RMSD:0.7073712005874667, E:24.98437527735297
1f06_2NP_B_950_ligand_refined.sdf, RMSD:1.18088535824853, E:11.999819332632724
1ag9_FMN_B_177_ligand_refined.sdf, RMSD:1.6296503475791395, E:61.69156833656961
1dqa_MAH_D_203_ligand_refined.sdf, RMSD:1.8963565934977649, E:11.677347890995552
1c0i_BE2_A_1364_ligand_refined.sdf, RMSD:0.5972888956998449, E:15.554408092893151
1a52_EST_B_2_ligand_refined.sdf, RMSD:0.13356041621149614, E:61.28658659076259
data/proto_train/ligand/1can_NO3_A_511_ligand_refined.sdf
1d2s_DHT_A_301_ligand_refined.sdf, RMSD:0.10637788792900867, E:63.78365190365717
1cb7_TAR_D_900_ligand_refined.sdf, RMSD:1.4864704858765678, E:8.140934976687868
1afl_ATR_B_125_ligand_refined.sdf, RMSD:2.811073661124316, E:76.50198210317146
1bcj_NGA_1_1_ligand_refined.sdf, RMSD:0.40257162007705455, E:22.871564880706337
1ec0_BED_A_501_ligand_refined.sdf, RMSD:4.110252110846812, E:101.09830001300392
1e7w_MTX_B_301_ligand_refined.sdf, RMSD:3.329259095507588, E:52.71257086882681
1ajv_NMB_A_501_ligand_refined.sdf, RMSD:3.210648569406128, E:93.4927957745166
1apz_ASP_D_552_ligand_refined.sdf, RMSD:1.446392898146285, E:7.894704229404021
1b7h_LYS-LYS_B_1-3_ligand_refined.sdf, RMSD:2.2465424302977133, E:27.04701015049444
1dmy_AZM_B_900_ligand_refined.sdf, RMSD:1.4383820589227065, E:47.661139734101724
1b3l_LYS-LYS_D_1-3_ligand_refined.sdf, RMSD:2.3563605574703215, E:23.751783338054985
1dgm_ADN_A_375_ligand_refined.sdf, RMSD:1.5852480870284644, E:72.26900739649301
1dhj_MTX_A_161_ligand_refined.sdf, RMSD:1.8358277714202462, E:53.465691961639465
1dqr_6PG_B_601_ligand_refined.sdf, RMSD:1.4929908772951814, E:19.35767972650082
1eli_PYC_B_811_ligand_refined.sdf, RMSD:1.1248579446072138, E:34.524125919400085
1dvx_DIF_B_125_ligand_refined.sdf, RMSD:0.9469876010907734, E:37.71490537231552
1b4z_LYS-LYS_B_1-3_ligand_refined.sdf, RMSD:2.834323700492973, E:24.920479703566418
1e5a_TBP_B_999_ligand_refined.sdf, RMSD:0.08888740501978928, E:12.776527210170132
1d0o_INE_B_761_ligand_refined.sdf, RMSD:0.8430103352704446, E:59.57596133025342
1eyj_AMP_B_342_ligand_refined.sdf, RMSD:1.8323576590953419, E:73.80399496420377
1b8n_IMG_A_600_ligand_refined.sdf, RMSD:1.3733232311517936, E:75.38387220763697
1e7b_HLT_B_4001_ligand_refined.sdf, RMSD:1.180556813613452, E:1.42615088605527
1cnx_EG2_A_555_ligand_refined.sdf, RMSD:3.122821469198029, E:32.325965619717564
1akv_FMN_A_152_ligand_refined.sdf, RMSD:1.6451547062083618, E:61.69156833656961
1b3f_LYS-LYS_B_1-3_ligand_refined.sdf, RMSD:2.2255264212521575, E:60.35076584953
1alw_ISA_B_12_ligand_refined.sdf, RMSD:0.8400523827349345, E:14.013742053110647
1ddr_MTX_A_200_ligand_refined.sdf, RMSD:3.456788034623622, E:53.36847239126499
1dbt_U5P_C_252_ligand_refined.sdf, RMSD:1.815115439231196, E:33.697605460852444
1eix_BMQ_C_1303_ligand_refined.sdf, RMSD:1.042236498772301, E:30.433554795538882
1fax_DX9_A_265_ligand_refined.sdf, RMSD:3.096310029860589, E:62.85841495248717
1e6q_NTZ_M_999_ligand_refined.sdf, RMSD:0.4704359822481394, E:63.76845356787714
1dqn_IMU_A_300_ligand_refined.sdf, RMSD:2.4087679500295343, E:76.83973327656581
1e8g_FAD_B_600_ligand_refined.sdf, RMSD:5.7381970959883075, E:124.20881024781117
1d4y_TPV_A_501_ligand_refined.sdf, RMSD:4.384518878527582, E:71.02583686343675
1bq4_BHC_A_302_ligand_refined.sdf, RMSD:1.0294004858956423, E:64.85067166274261
1f4e_TPR_A_301_ligand_refined.sdf, RMSD:1.6632312979642379, E:30.115394329524637
1a0t_GLC-FRU_C_1-2_ligand_refined.sdf, RMSD:1.4292946496084413, E:52.843614503514644
1c5r_ESI_A_246_ligand_refined.sdf, RMSD:0.9035344162126913, E:50.565703162442404
1bnt_AL2_A_555_ligand_refined.sdf, RMSD:1.5866036736273512, E:72.54539349221386
1e06_IPB_A_600_ligand_refined.sdf, RMSD:1.0586705857104561, E:19.42089560301345
13gs_SAS_B_211_ligand_refined.sdf, RMSD:2.2766873078611303, E:47.65666767242932
1bkj_FMN_B_241_ligand_refined.sdf, RMSD:2.97123105132168, E:58.094859097237965
1d8a_TCL_A_502_ligand_refined.sdf, RMSD:0.6407020140748101, E:31.13978904538928
1e9h_INR_A_1298_ligand_refined.sdf, RMSD:0.8398340583930849, E:107.97731787104323
1d1w_ATQ_B_801_ligand_refined.sdf, RMSD:0.20300261424499474, E:13.703176344992055
1aoe_GW3_A_194_ligand_refined.sdf, RMSD:0.45089638576273655, E:72.19940114957667
1czc_GUA_A_414_ligand_refined.sdf, RMSD:1.036255981546603, E:4.306922807036834
188l_OXE_A_400_ligand_refined.sdf, RMSD:0.056423585544932514, E:16.325899673016874
1a9t_HPA_A_290_ligand_refined.sdf, RMSD:0.057064347642866414, E:54.447774134863856
1efi_GAT_D_104_ligand_refined.sdf, RMSD:0.9818711157575177, E:34.501842591245506
1ew8_PAE_B_556_ligand_refined.sdf, RMSD:1.5525358079231162, E:0.7994996563204154
1cjb_IRP_C_300_ligand_refined.sdf, RMSD:1.9397137550253607, E:76.5130212008312
1dub_CAA_E_300_ligand_refined.sdf, RMSD:5.759302583101803, E:91.48130077821496
1dig_L37_A_3001_ligand_refined.sdf, RMSD:2.2178616270944853, E:49.03183701379936
1a99_PUT_A_371_ligand_refined.sdf, RMSD:0.5021514809842698, E:7.485510880716525
1bwn_4IP_B_1_ligand_refined.sdf, RMSD:1.5251632756139237, E:33.284176467146715
1cc4_PHB_A_396_ligand_refined.sdf, RMSD:0.579002466311229, E:13.435911411703824
1drb_MTX_A_161_ligand_refined.sdf, RMSD:3.0506980192592064, E:52.71257086882681
1abf_FCA_A_307_ligand_refined.sdf, RMSD:0.11716263193483047, E:21.32477116229711
1f4f_TP3_B_702_ligand_refined.sdf, RMSD:1.6195899959734492, E:40.632831322700106
1di8_DTQ_A_500_ligand_refined.sdf, RMSD:1.3827967083938515, E:48.30155418761304
1cx9_NHP_A_270_ligand_refined.sdf, RMSD:1.7218802071939472, E:14.268807349295757
1ce5_BEN_A_703_ligand_refined.sdf, RMSD:0.9697813278290003, E:17.39210025717027
1axz_GLA_A_401_ligand_refined.sdf, RMSD:0.06091954999845025, E:22.18789071335712
1c50_CHI_A_920_ligand_refined.sdf, RMSD:1.4449682387115372, E:83.47769298756991
1egh_PGA_F_251_ligand_refined.sdf, RMSD:0.9393236736127829, E:4.346747824185695
1afk_PAP_A_125_ligand_refined.sdf, RMSD:2.281642228586572, E:77.02484429087431
1ax2_NDG-GAL_C_1-2_ligand_refined.sdf, RMSD:1.0392989484245234, E:57.43268063622282
1dzp_BZQ_B_600_ligand_refined.sdf, RMSD:0.8957894796390018, E:31.123494948847288
1cah_BCT_A_500_ligand_refined.sdf, RMSD:0.08480869243525789, E:5.640127605276489e-19
1atl_0QI_A_301_ligand_refined.sdf, RMSD:2.8170682958247193, E:26.552962689318676
1dqx_BMP_B_602_ligand_refined.sdf, RMSD:1.088698142351929, E:36.65412746620287
1el5_DMG_B_811_ligand_refined.sdf, RMSD:0.9098198110708716, E:11.472313009203877
1d0c_INE_A_766_ligand_refined.sdf, RMSD:0.8455820165856923, E:59.57596133025342
1d7j_BUQ_A_311_ligand_refined.sdf, RMSD:0.9616985866247635, E:3.0414954984764813
1d04_FMN_A_170_ligand_refined.sdf, RMSD:1.6601230911189095, E:61.69156833656961
1f0s_PR2_A_401_ligand_refined.sdf, RMSD:3.134258842509673, E:116.8248716102286
1cgl_0ED_A_1_ligand_refined.sdf, RMSD:4.408703629084208, E:72.10296848701722
1dog_NOJ_A_495_ligand_refined.sdf, RMSD:0.08625519097615303, E:18.650799148180983
1csr_FAM_A_700_ligand_refined.sdf, RMSD:5.120621253378367, E:94.62566159106753
1bzy_IMU_A_300_ligand_refined.sdf, RMSD:2.2218594036437076, E:76.83973327656581
1dbt_U5P_A_250_ligand_refined.sdf, RMSD:1.8171025703684889, E:33.697605460852444
1djx_I3P_B_1_ligand_refined.sdf, RMSD:1.3136025091733348, E:29.50036728572156
1b4h_LYS-LYS_B_1-3_ligand_refined.sdf, RMSD:2.5706786065165224, E:30.016162842786546
1bl4_AP1_B_109_ligand_refined.sdf, RMSD:3.8722802309747784, E:74.60714584190231
184l_I4B_A_401_ligand_refined.sdf, RMSD:0.9121274885074621, E:15.797629289214736
1fao_4IP_A_274_ligand_refined.sdf, RMSD:1.541784092225454, E:33.284176467146715
1f74_NAY_A_950_ligand_refined.sdf, RMSD:1.1304511460393047, E:23.63658955816192
1bxq_PP8_A_324_ligand_refined.sdf, RMSD:4.820471825883298, E:40.059242163305456
1a1e_ACE-DIY_C_100-103_ligand_refined.sdf, RMSD:4.2462402661372, E:45.12288207277803
1ecq_DXG_A_499_ligand_refined.sdf, RMSD:1.3748336935162475, E:13.154888115281917
1dvj_UP6_B_5002_ligand_refined.sdf, RMSD:1.746769266239425, E:32.169601051338766
1daj_MOT_A_208_ligand_refined.sdf, RMSD:1.8322595894787572, E:85.60010281152493
1cbr_REA_B_200_ligand_refined.sdf, RMSD:1.6096390315832145, E:50.833457416717174
1cm0_COA_B_700_ligand_refined.sdf, RMSD:3.274470702489738, E:90.91289629356248
10gs_VWW_B_210_ligand_refined.sdf, RMSD:3.721696587882357, E:37.61565662600258
1bhf_ACE-ILE_I_251-255_ligand_refined.sdf, RMSD:4.17960531943872, E:42.82968569452227
1czl_FMN_A_170_ligand_refined.sdf, RMSD:1.7204001787278982, E:61.69156833656961
1bky_1MC_A_600_ligand_refined.sdf, RMSD:0.06569664998734673, E:14.817000800142742
1efi_GAT_F_106_ligand_refined.sdf, RMSD:0.6375426944689565, E:34.501842591245506
1bji_DPC_A_479G_ligand_refined.sdf, RMSD:1.94247909128512, E:38.79395038739044
1eyk_AMP_B_342_ligand_refined.sdf, RMSD:1.8334627266634052, E:73.80399496420377
1dth_BAT_A_972_ligand_refined.sdf, RMSD:3.87029153105189, E:61.66609091021563
1a4q_DPC_B_466_ligand_refined.sdf, RMSD:2.5259013363395444, E:39.09192210807023
1d7j_BUQ_B_321_ligand_refined.sdf, RMSD:0.9672279621275486, E:3.0414954984764813
1f57_DCY_A_308_ligand_refined.sdf, RMSD:0.6395081912896527, E:6.213529598839897
1d2e_GDP_A_1301_ligand_refined.sdf, RMSD:2.8760195261366923, E:74.06914788116704
1d7x_SPC_A_401_ligand_refined.sdf, RMSD:3.1495638902410343, E:34.62194492264845
1a4r_GDP_A_200_ligand_refined.sdf, RMSD:2.9181009724200297, E:74.06914788116704
1aj7_NPE_H_217_ligand_refined.sdf, RMSD:1.841255637903528, E:20.217573865016096
1cjb_IRP_B_300_ligand_refined.sdf, RMSD:1.9485687058114343, E:76.5130212008312
1eb2_BPO_A_1248_ligand_refined.sdf, RMSD:2.3750277370760067, E:71.70503619188011
1bnu_AL3_A_555_ligand_refined.sdf, RMSD:1.8877130525766461, E:88.05405069506908
1em6_CP4_A_862_ligand_refined.sdf, RMSD:6.2944840964676265, E:107.5578009473263
1btn_I3P_A_107_ligand_refined.sdf, RMSD:1.2933302961516344, E:29.50036728572156
1a4m_PRH_A_354_ligand_refined.sdf, RMSD:0.8870582652557091, E:68.59533100612252
1ed4_IPU_A_2840_ligand_refined.sdf, RMSD:1.208193463929012, E:2.6310551823088177
1b55_4IP_A_171_ligand_refined.sdf, RMSD:1.4892261620407647, E:33.284176467146715
1br5_NEO_A_500_ligand_refined.sdf, RMSD:1.4412224450422055, E:30.559360948636872
1cnw_EG1_A_555_ligand_refined.sdf, RMSD:4.721786642430473, E:34.332597806107934
1bb7_GUM_A_130_ligand_refined.sdf, RMSD:2.3448439891180093, E:82.25705104213586
1a0t_GLC-FRU_B_1-2_ligand_refined.sdf, RMSD:1.3481960138117755, E:52.843614503514644
1apz_ASP_B_551_ligand_refined.sdf, RMSD:1.455808318075569, E:7.8947042294039935
1dif_A85_B_101_ligand_refined.sdf, RMSD:4.2036130378866705, E:82.6664479559659
1dy4_SNP_A_437_ligand_refined.sdf, RMSD:0.9925693244668534, E:38.05896689784627
1eei_GAA_H_508_ligand_refined.sdf, RMSD:1.5039469636860137, E:38.953660066621744
1dds_MTX_A_201_ligand_refined.sdf, RMSD:1.9799657100477648, E:53.94104905053679
1am6_HAE_A_555_ligand_refined.sdf, RMSD:0.07030841854629911, E:2.1668637528476298
1ajp_OMD_A_210_ligand_refined.sdf, RMSD:0.9206316282433135, E:15.693591180868896
1dvj_UP6_D_5004_ligand_refined.sdf, RMSD:1.7476501868075296, E:32.169601051338766
1aku_FMN_A_150_ligand_refined.sdf, RMSD:1.72919009588461, E:61.69156833656961
1aid_THK_B_201_ligand_refined.sdf, RMSD:2.1744958558227507, E:60.665082078088396
1axz_GAL_A_402_ligand_refined.sdf, RMSD:0.5269964100318957, E:21.317816881275693
1ere_EST_F_600_ligand_refined.sdf, RMSD:0.16701431023959595, E:61.28658659076259
1af6_GLC-FRU_F_1-2_ligand_refined.sdf, RMSD:1.3312410667033787, E:52.843614503514644
1c9d_HF1_A_270_ligand_refined.sdf, RMSD:2.1050408650545975, E:13.261519531124433
1e7c_HLT_A_4001_ligand_refined.sdf, RMSD:1.1817608001125428, E:1.42615088605527
1dub_CAA_A_300_ligand_refined.sdf, RMSD:5.747481792697939, E:91.48130077821496
1db4_8IN_A_200_ligand_refined.sdf, RMSD:2.388239742027078, E:72.85719091380052
1ai2_NAP_A_417_ligand_refined.sdf, RMSD:3.958632495704953, E:103.44916734033586
1a4g_ZMR_A_466_ligand_refined.sdf, RMSD:1.0529803897110963, E:29.27537715778721
1e2k_TMC_A_500_ligand_refined.sdf, RMSD:0.43772562850309743, E:306.96744178125783
1c7e_FMN_A_1149_ligand_refined.sdf, RMSD:1.6082245572774845, E:61.69156833656961
1drv_A3D_A_301_ligand_refined.sdf, RMSD:5.115860255099364, E:103.60157882894866
1d3t_BT1_B_400_ligand_refined.sdf, RMSD:3.238566785173649, E:119.20267396480189
1eqh_FLP_B_1701_ligand_refined.sdf, RMSD:1.6444608787752801, E:33.450527309143354
1duv_PSQ_I_403_ligand_refined.sdf, RMSD:1.9268423506786765, E:9.765824137673476
1cc6_PHB_A_396_ligand_refined.sdf, RMSD:0.5788315993828718, E:13.435911411703824
1c8l_CFF_A_940_ligand_refined.sdf, RMSD:0.09590046620660546, E:69.03107250127734
1apb_FCB_A_308_ligand_refined.sdf, RMSD:0.10397590698334402, E:18.90529040847033
1d0c_INE_B_761_ligand_refined.sdf, RMSD:0.8400945446924751, E:59.57596133025342
1akr_FMN_A_149_ligand_refined.sdf, RMSD:1.632916464086894, E:61.69156833656961
1d4l_PI9_A_201_ligand_refined.sdf, RMSD:3.811523754637995, E:66.02748278387625
1bhx_R56_F_1_ligand_refined.sdf, RMSD:2.9767383497528006, E:36.54031105343081
1bto_SSB_D_378_ligand_refined.sdf, RMSD:0.4653468401831618, E:11.306996182524161
1dqx_BMP_D_604_ligand_refined.sdf, RMSD:1.096362076807682, E:36.65412746620287
1avn_HSM_A_264_ligand_refined.sdf, RMSD:0.7900437262619415, E:39.7702797193689
1ezq_RPR_A_265_ligand_refined.sdf, RMSD:2.5531373713663355, E:62.27954290578597
1ct8_TAA_B_550_ligand_refined.sdf, RMSD:3.753111109554536, E:43.58752160489861
1dl7_NCH_L_999_ligand_refined.sdf, RMSD:1.9273659935492102, E:38.79501170523011
1bmm_BM2_H_1_ligand_refined.sdf, RMSD:1.9308207348946136, E:45.11813936156234
1e4h_PBR_B_999_ligand_refined.sdf, RMSD:0.036215911004459055, E:20.11947597636817
1fby_9CR_A_500_ligand_refined.sdf, RMSD:0.9731379578160217, E:50.54815157580676
1af6_GLC-FRU_D_1-2_ligand_refined.sdf, RMSD:1.3362403558412101, E:52.843614503514644
1cny_EG3_A_555_ligand_refined.sdf, RMSD:6.450506370084904, E:41.82056481201234
1e5a_TBP_A_999_ligand_refined.sdf, RMSD:0.0889174967324429, E:12.776527210170132
1ebg_PAH_A_440_ligand_refined.sdf, RMSD:1.3584545057732749, E:1.4322966549784935
1b2i_AMH_A_84_ligand_refined.sdf, RMSD:0.5764296521507392, E:15.616034305243415
1a28_STR_A_1_ligand_refined.sdf, RMSD:0.20943917865308578, E:65.3345112889089
1ere_EST_D_600_ligand_refined.sdf, RMSD:0.14772363499353452, E:61.28658659076259
1chm_CMS_A_404_ligand_refined.sdf, RMSD:1.0621641988919686, E:6.977418939844343
1ecq_DXG_B_500_ligand_refined.sdf, RMSD:1.364123450786561, E:13.154888115281917
1bkj_FMN_A_241_ligand_refined.sdf, RMSD:2.092366687737585, E:61.69156833656961
1bzc_TPI_A_902_ligand_refined.sdf, RMSD:1.9148056211099818, E:36.6513526498463
1d4s_TPV_A_201_ligand_refined.sdf, RMSD:3.776527568511199, E:67.68354547619748
1bwa_XV6_B_638_ligand_refined.sdf, RMSD:4.154663147794884, E:158.5183458867166
1e2p_CCV_A_500_ligand_refined.sdf, RMSD:0.6574357240021985, E:24.98437527735297
1caq_DPS_A_502_ligand_refined.sdf, RMSD:2.084175359881123, E:99.0118831616776
1dwd_MID_H_1_ligand_refined.sdf, RMSD:1.9230118567269305, E:62.18211534472068
1ed5_NRG_A_1705_ligand_refined.sdf, RMSD:1.4148321186004098, E:19.3582588599396
1eix_BMQ_D_1304_ligand_refined.sdf, RMSD:1.0673835638452103, E:30.433554795538882
1dx6_GNT_A_602_ligand_refined.sdf, RMSD:0.6446553515646063, E:69.94543083073522
1ado_13P_A_1104_ligand_refined.sdf, RMSD:1.421089180835835, E:5.749606066981753
1ajq_SPA_B_559_ligand_refined.sdf, RMSD:0.6376169740494753, E:34.90832006503558
1d3h_A26_A_397_ligand_refined.sdf, RMSD:1.4842145131942552, E:31.078342429649258
1d7x_SPC_B_901_ligand_refined.sdf, RMSD:3.244298268741316, E:34.62194492264845
1ed4_IPU_B_2830_ligand_refined.sdf, RMSD:1.2663818319585411, E:2.6310551823088177
1bzy_IMU_B_300_ligand_refined.sdf, RMSD:2.216413375362615, E:76.83973327656581
1ew8_PAE_A_556_ligand_refined.sdf, RMSD:1.375969803890019, E:0.7994996563204154
1cqe_FLP_A_1650_ligand_refined.sdf, RMSD:1.4556073532896572, E:33.450527309143354
1c5t_ESP_A_246_ligand_refined.sdf, RMSD:0.9500391347497497, E:51.04292203890268
1c5w_ESI_B_251_ligand_refined.sdf, RMSD:0.9092195031187851, E:50.565703162442404
1bzs_BSI_A_250_ligand_refined.sdf, RMSD:2.6706689023745995, E:58.395984826142715
1akq_FMN_A_149_ligand_refined.sdf, RMSD:1.6263871053114254, E:61.69156833656961
1a99_PUT_B_371_ligand_refined.sdf, RMSD:0.5262470984102705, E:7.485510880716525
1eix_BMQ_B_1302_ligand_refined.sdf, RMSD:1.0742833229198026, E:30.433554795538882
1c4u_IH1_2_370_ligand_refined.sdf, RMSD:1.3124641788565827, E:86.35641306943133
1ct8_TAA_D_551_ligand_refined.sdf, RMSD:3.905641651866102, E:43.58752160489861
1b32_LYS-LYS_B_1-3_ligand_refined.sdf, RMSD:2.6657138884098424, E:26.496923154336695
1bn4_AL9_A_555_ligand_refined.sdf, RMSD:3.105238438239151, E:54.407465618745995
1a8g_2Z4_A_100_ligand_refined.sdf, RMSD:6.068512939285824, E:86.19695993180058
1df8_BTN_A_201_ligand_refined.sdf, RMSD:1.443565196334282, E:32.35417590423462
1a28_STR_B_2_ligand_refined.sdf, RMSD:0.21870443379984003, E:65.3345112889089
1dq8_MAH_B_201_ligand_refined.sdf, RMSD:1.8999646883228567, E:11.677347890995552
1afk_PAP_B_125_ligand_refined.sdf, RMSD:2.3664902492054147, E:77.02484429087431
1cfv_E3G_H_200_ligand_refined.sdf, RMSD:2.2635972299767047, E:82.83784711337233
1az1_ALR_A_317_ligand_refined.sdf, RMSD:0.8021372153055792, E:33.562039100615536
1bcu_PRL_H_280_ligand_refined.sdf, RMSD:0.0670393425488465, E:33.24444214947165
1els_PAH_A_439_ligand_refined.sdf, RMSD:1.435664159743442, E:1.4322966549784935
1c8v_HE1_A_270_ligand_refined.sdf, RMSD:1.6548466414827565, E:12.7835198358314
1ejn_AGB_A_800_ligand_refined.sdf, RMSD:2.293390419852228, E:50.34001526111875
1ec1_BEE_A_501_ligand_refined.sdf, RMSD:5.313599675854364, E:133.1036716713894
1eby_BEB_B_501_ligand_refined.sdf, RMSD:4.541479801205827, E:100.88952512346329
1e06_IPB_B_600_ligand_refined.sdf, RMSD:0.6131147491350377, E:19.42089560301345
1d6w_00R_A_380_ligand_refined.sdf, RMSD:2.521438856483846, E:119.9164387736234
1czo_FMN_A_170_ligand_refined.sdf, RMSD:1.5799371421668291, E:61.69156833656961
1czr_FMN_A_170_ligand_refined.sdf, RMSD:1.7149359311620276, E:61.69156833656961
1cze_SIN_A_414_ligand_refined.sdf, RMSD:0.8913485527519979, E:3.5560698696166297
1db1_VDX_A_428_ligand_refined.sdf, RMSD:1.3175980451985798, E:92.14092232673853
1aoe_GW3_B_194_ligand_refined.sdf, RMSD:0.5041917222804094, E:72.19940114957667
1eei_GAA_E_505_ligand_refined.sdf, RMSD:1.4890918443435024, E:38.953660066621744
1axr_HTP_A_998_ligand_refined.sdf, RMSD:0.1501808010709028, E:61.16030283252393
1bm7_FLF_B_502_ligand_refined.sdf, RMSD:1.449969306533353, E:37.93846090317255
1ah0_SBI_A_320_ligand_refined.sdf, RMSD:0.2450299037263461, E:47.50286907587395
1b9s_FDI_A_468_ligand_refined.sdf, RMSD:2.002833737031501, E:35.620178959975846
1bnw_TPD_A_555_ligand_refined.sdf, RMSD:1.4147840153256084, E:75.76626276787088
1exv_700_A_862_ligand_refined.sdf, RMSD:0.8667962434394476, E:122.46314056832922
1dhj_MTX_B_361_ligand_refined.sdf, RMSD:2.9393706917291804, E:52.71257086882681
1ek2_CDU_A_1100_ligand_refined.sdf, RMSD:3.9043126015267546, E:21.955603731682757
1el9_MTG_B_811_ligand_refined.sdf, RMSD:0.4743261804859021, E:1.6258960788348553
1drb_MTX_B_361_ligand_refined.sdf, RMSD:2.927968860956648, E:52.71257086882681
1fcx_184_A_450_ligand_refined.sdf, RMSD:2.246615443535255, E:65.52106736431315
1ecm_TSA_B_501_ligand_refined.sdf, RMSD:1.074881335305638, E:41.778782783409866
1cjb_IRP_A_300_ligand_refined.sdf, RMSD:1.9415762330359512, E:76.5130212008312
1aj6_NOV_A_1_ligand_refined.sdf, RMSD:3.4460850411846637, E:97.03856298984238
1b8o_IMH_A_600_ligand_refined.sdf, RMSD:1.5205836946835127, E:74.97950232890832
1b52_LYS-LYS_B_1-3_ligand_refined.sdf, RMSD:2.336466422842428, E:27.269495874259043
1bf3_PHB_A_396_ligand_refined.sdf, RMSD:0.5804865538186189, E:13.435911411703824
1f3f_D4T_A_160_ligand_refined.sdf, RMSD:3.2884285457229527, E:36.62520528239558
1c7f_FMN_B_2149_ligand_refined.sdf, RMSD:1.6373847078732615, E:61.69156833656961
1c5q_ESI_A_246_ligand_refined.sdf, RMSD:0.9190318470030227, E:50.565703162442404
1b6l_PI4_A_201_ligand_refined.sdf, RMSD:1.5117417077977282, E:72.02284818085364
1cea_ACA_A_90_ligand_refined.sdf, RMSD:1.0403123215900931, E:7.178378978567356
1egh_PGA_A_201_ligand_refined.sdf, RMSD:0.9891408745977649, E:4.346747824185695
1ajx_AH1_A_500_ligand_refined.sdf, RMSD:1.6654404239015124, E:79.4005341206715
1c8l_BIN_A_930_ligand_refined.sdf, RMSD:1.5876168161996222, E:75.37736810332495
1b9t_RAI_A_468_ligand_refined.sdf, RMSD:1.4180426543385263, E:54.51230227564563
1dvj_UP6_C_5003_ligand_refined.sdf, RMSD:1.7469607882578475, E:32.169601051338766
1c5c_TK4_L_1001_ligand_refined.sdf, RMSD:1.2762541257894338, E:49.41395563527223
1bil_0IU_A_391_ligand_refined.sdf, RMSD:5.004379146540384, E:99.54666775633639
1b6h_LYS-LYS_B_1-3_ligand_refined.sdf, RMSD:2.226410254677714, E:26.026450656191646
1df1_ITU_B_1899_ligand_refined.sdf, RMSD:0.6223181666228116, E:0.9218892947565508
1dre_MTX_A_161_ligand_refined.sdf, RMSD:1.8010072683299492, E:54.37164487645992
1dud_DUD_A_153_ligand_refined.sdf, RMSD:1.5925944372232457, E:32.36959490711281
1amk_PGA_A_600_ligand_refined.sdf, RMSD:1.3277985764229523, E:4.346747824185695
1ef3_FID_A_340_ligand_refined.sdf, RMSD:0.23323297171520813, E:49.26363335773585
1dq8_MAH_D_202_ligand_refined.sdf, RMSD:1.9065712264469044, E:11.677347890995552
1eei_GAA_G_507_ligand_refined.sdf, RMSD:1.4504507439732766, E:38.953660066621744
1dzp_BZQ_A_600_ligand_refined.sdf, RMSD:1.4087885749949758, E:31.123494948847288
1bir_2GP_A_106_ligand_refined.sdf, RMSD:1.229988510686705, E:75.33497671966128
1bzy_IMU_C_300_ligand_refined.sdf, RMSD:2.2311590669763337, E:76.83973327656581
1bju_GP6_A_910_ligand_refined.sdf, RMSD:1.4166737852656384, E:41.979493795969546
1f9g_ASC_A_950_ligand_refined.sdf, RMSD:0.8968536873367913, E:33.86925555995195
1a99_PUT_C_371_ligand_refined.sdf, RMSD:0.56430405651559, E:7.485510880716525
1cin_MTS_A_264_ligand_refined.sdf, RMSD:1.1226220765303214, E:55.050078114126784
1b6p_PI7_A_201_ligand_refined.sdf, RMSD:3.5321531893274787, E:73.11074812727666
1br6_PT1_A_301_ligand_refined.sdf, RMSD:2.242101018462809, E:39.63901450285585
1aaq_PSI_B_100_ligand_refined.sdf, RMSD:3.316068816229343, E:46.260154915042214
1d0o_INE_A_766_ligand_refined.sdf, RMSD:0.8430143935245022, E:59.57596133025342
1c1v_BAB_H_410_ligand_refined.sdf, RMSD:1.5777210852216235, E:119.39857181448035
1dvz_OFL_A_125_ligand_refined.sdf, RMSD:1.85369990751498, E:39.3222172940012
1bfv_STG_H_200_ligand_refined.sdf, RMSD:2.2631125883451695, E:83.2643358998947
1c5x_ESI_B_251_ligand_refined.sdf, RMSD:0.9144438840615744, E:50.565703162442404
1f73_HMN_B_701_ligand_refined.sdf, RMSD:1.4359017439447095, E:28.723528726821183
1a4m_PRH_B_854_ligand_refined.sdf, RMSD:0.9068393072365918, E:68.59533100612252
1c88_OTA_A_301_ligand_refined.sdf, RMSD:0.7753434306796925, E:58.90518919231196
1bxo_PP7_A_324_ligand_refined.sdf, RMSD:3.766062174658571, E:47.33043322237992
1amw_ADP_A_300_ligand_refined.sdf, RMSD:2.269133028170656, E:74.93484607252176
1e2k_TMC_B_500_ligand_refined.sdf, RMSD:0.539318368095103, E:306.967441781257831b0h_LYS-LYS_B_601-603_ligand_refined.sdf, RMSD:3.8818085225792793, E:47.06211330808072

1alw_ISA_A_11_ligand_refined.sdf, RMSD:0.5806014272689067, E:14.013742053110647
1apu_IVA-32L_I_4-1_ligand_refined.sdf, RMSD:1.7289067119857195, E:33.32724474889028
1ceb_AMH_A_90_ligand_refined.sdf, RMSD:0.6276736840309856, E:15.616034305243415
1dub_CAA_B_300_ligand_refined.sdf, RMSD:5.796007303206509, E:91.48130077821496
1cva_AZI_A_357_ligand_refined.sdf, RMSD:0.03531591782162108, E:1.5755805431494448e-16
1c85_OBA_A_301_ligand_refined.sdf, RMSD:0.9194299945084613, E:25.37359442198822
1ent_0EM_E_822_ligand_refined.sdf, RMSD:5.424943047994116, E:70.5928148171086
10gs_VWW_A_210_ligand_refined.sdf, RMSD:3.721309510149657, E:37.61565662600258
1a4q_DPC_A_466_ligand_refined.sdf, RMSD:2.505473831386701, E:39.09192210807023
1cw2_HSP_A_270_ligand_refined.sdf, RMSD:1.4347526751311726, E:14.796339052330406
1dmy_AZM_A_400_ligand_refined.sdf, RMSD:1.2596068518970676, E:47.661139734101724
1epp_1Z1_E_333_ligand_refined.sdf, RMSD:4.249421174562582, E:53.68455599967295
1cmp_DMI_A_295_ligand_refined.sdf, RMSD:0.06802769975286274, E:40.112887692289014
1eou_SMS_A_301_ligand_refined.sdf, RMSD:1.5424112938547954, E:33.39797699154882
1dlr_MXA_A_188_ligand_refined.sdf, RMSD:2.099116372633487, E:55.2420529892801
1dqa_MAH_B_202_ligand_refined.sdf, RMSD:1.882050140999074, E:11.677347890995552
1cm0_COA_A_701_ligand_refined.sdf, RMSD:2.888782151826475, E:90.91289629356248
1ccw_TAR_D_900_ligand_refined.sdf, RMSD:1.482087336330343, E:8.140934976687868
1f2p_PHE_A_903_ligand_refined.sdf, RMSD:1.3193555109114934, E:17.396296326498696
1dg7_WRB_A_200_ligand_refined.sdf, RMSD:1.2833693788200946, E:31.272644646139945
1dhi_MTX_B_361_ligand_refined.sdf, RMSD:2.8549110237292914, E:52.71257086882681
1eed_0EO_P_327_ligand_refined.sdf, RMSD:3.292199767168116, E:59.526828179321264
1e7b_HLT_A_4001_ligand_refined.sdf, RMSD:1.1882705208707336, E:1.42615088605527
1b5i_LYS-LYS_B_1-3_ligand_refined.sdf, RMSD:2.749909960295331, E:25.537163343205492
1c5u_ESP_A_246_ligand_refined.sdf, RMSD:0.9506394368107675, E:51.04292203890268
1f5f_DHT_A_253_ligand_refined.sdf, RMSD:0.11099229305078427, E:63.78365190365717
1bnv_AL7_A_555_ligand_refined.sdf, RMSD:1.3778701175945012, E:77.23296593956128
1d7i_DSS_A_301_ligand_refined.sdf, RMSD:0.6646869741788691, E:0.5140585152078454
1ai7_IPH_B_559_ligand_refined.sdf, RMSD:0.0508023665420032, E:11.178493318229553
1c29_HE1_A_270_ligand_refined.sdf, RMSD:1.7894776277319138, E:12.7835198358314
1dhf_FOL_B_187_ligand_refined.sdf, RMSD:2.2665005004092205, E:48.605668907169836
1af6_GLC-FRU_E_1-2_ligand_refined.sdf, RMSD:1.330561881427143, E:52.843614503514644
1d4j_MSC_B_501_ligand_refined.sdf, RMSD:4.156585208988113, E:88.36876739725577
1ere_EST_E_600_ligand_refined.sdf, RMSD:0.15946366791647704, E:61.28658659076259
1f4g_TP4_B_602_ligand_refined.sdf, RMSD:3.1765664321226574, E:44.348263455066274
1b5h_LYS-LYS_B_1-3_ligand_refined.sdf, RMSD:2.7266545744714654, E:26.91454606577711
1fcy_564_A_450_ligand_refined.sdf, RMSD:2.738170952637254, E:69.18081945257953
1fby_9CR_B_1500_ligand_refined.sdf, RMSD:0.970844104830498, E:50.54815157580676
1b3d_S27_B_401_ligand_refined.sdf, RMSD:2.513183333388935, E:41.91631695183587
1csh_AMX_A_700_ligand_refined.sdf, RMSD:4.257737858736713, E:92.48632143275097
1ah3_TOL_A_320_ligand_refined.sdf, RMSD:1.9019053129018602, E:52.93790808580315
1d4p_BPP_B_400_ligand_refined.sdf, RMSD:1.6280706415961095, E:86.25507654257581
1a4g_ZMR_B_466_ligand_refined.sdf, RMSD:1.0680276014618661, E:29.27537715778721
1fch_TYR-LEU_C_1-5_ligand_refined.sdf, RMSD:4.671735214242003, E:45.79906807187456
1ebw_BEI_A_501_ligand_refined.sdf, RMSD:4.518835062351169, E:67.13577487115978
1epo_2Z3_E_327_ligand_refined.sdf, RMSD:5.046036153164885, E:66.95409416390152
1a0t_GLC-FRU_A_1-2_ligand_refined.sdf, RMSD:1.4339259869996115, E:52.843614503514644
1dib_L34_A_3001_ligand_refined.sdf, RMSD:1.578372118710468, E:74.68953669780034
1el3_I84_A_320_ligand_refined.sdf, RMSD:1.648038875611383, E:51.9671500589317
1bma_0QH_A_256_ligand_refined.sdf, RMSD:1.9675049758755683, E:67.07800826692532
1a1b_ACE-DIP_C_100-103_ligand_refined.sdf, RMSD:2.505079607430555, E:40.59076940291577
1bwb_146_B_641_ligand_refined.sdf, RMSD:5.211992400630926, E:187.66884695186104
1f0u_RPR_A_501_ligand_refined.sdf, RMSD:2.5686906742483657, E:62.27954290578597
1f28_F89_D_404_ligand_refined.sdf, RMSD:2.0832550980777786, E:91.6173256729582
1drh_NAP_A_164_ligand_refined.sdf, RMSD:4.924745206550881, E:104.10011683624262
1ex8_A4P_A_171_ligand_refined.sdf, RMSD:5.5433597650013535, E:93.846616926025
1dub_CAA_C_300_ligand_refined.sdf, RMSD:5.784543926637852, E:91.48130077821496
1dhf_FOL_A_187_ligand_refined.sdf, RMSD:2.117417585563288, E:47.43796691093891
1c70_L75_B_423_ligand_refined.sdf, RMSD:4.728202973645944, E:134.3831459923265
1a4k_FRA_B_3083_ligand_refined.sdf, RMSD:1.0912134701747724, E:80.96386773213119
1ciz_DPS_A_307_ligand_refined.sdf, RMSD:3.678098875663125, E:92.64043148396547
1df7_MTX_A_501_ligand_refined.sdf, RMSD:1.860110930091655, E:53.465691961639465
1d4k_PI8_A_201_ligand_refined.sdf, RMSD:3.3613600061472915, E:95.74841822621799
1b3l_LYS-LYS_B_1-3_ligand_refined.sdf, RMSD:2.456638796445716, E:21.725393090277898
1a9m_U0E_B_100_ligand_refined.sdf, RMSD:4.8645702611781445, E:46.57415649146108
1f28_F89_B_402_ligand_refined.sdf, RMSD:2.050391607480548, E:91.6173256729582
1a4w_QWE_H_373_ligand_refined.sdf, RMSD:4.23212122403178, E:105.89959795420357
1elw_GLY-ASP_D_5-12_ligand_refined.sdf, RMSD:5.406876881809872, E:57.66500369612175
1dds_MTX_B_201_ligand_refined.sdf, RMSD:3.513558332876458, E:53.36847239126499
1ebz_BEC_B_501_ligand_refined.sdf, RMSD:4.56890288119007, E:80.57393671226698
1a08_ACE-DIP_D_100-103_ligand_refined.sdf, RMSD:4.633914589456513, E:35.23348740980931
1fch_TYR-LEU_D_1-5_ligand_refined.sdf, RMSD:5.090875018098469, E:44.55535058903271
1csi_CMX_A_700_ligand_refined.sdf, RMSD:5.198552954433128, E:93.19523286735222
1dra_MTX_B_361_ligand_refined.sdf, RMSD:2.865721573692441, E:52.71257086882681
1cgl_0ED_B_1_ligand_refined.sdf, RMSD:4.412469434038893, E:72.10296848701722
1bil_0IU_B_391_ligand_refined.sdf, RMSD:4.994908555396525, E:99.54666775633639
1bl4_AP1_A_108_ligand_refined.sdf, RMSD:3.9024907727548834, E:74.60714584190231
1b6k_PI5_A_201_ligand_refined.sdf, RMSD:3.7188021457108986, E:90.19938388269273
1ets_MID_H_1_ligand_refined.sdf, RMSD:4.03301729285026, E:60.693503784449724
1f8a_TYR-SER_C_170-176_ligand_refined.sdf, RMSD:4.008520842751208, E:67.79006511202658
1elr_ACE-ASP_B_0-5_ligand_refined.sdf, RMSD:5.206912919870544, E:34.606540254475185
1a1c_ACE-DIX_D_100-103_ligand_refined.sdf, RMSD:4.716443388444623, E:47.02820770922876
1b3h_LYS-LYS_B_1-3_ligand_refined.sdf, RMSD:2.4244225801364414, E:36.39645573579219
1c4v_IH2_2_370_ligand_refined.sdf, RMSD:2.9663845806411904, E:100.99769668794642
1aq7_34H-AG2_B_1-4_ligand_refined.sdf, RMSD:5.490168572233203, E:64.0313702471051
1awi_PRO-PRO_P_1-10_ligand_refined.sdf, RMSD:7.2257516178406656, E:128.51628827574874
1elw_GLY-ASP_C_5-12_ligand_refined.sdf, RMSD:6.368962693011594, E:56.305301744067044
1a94_0Q4_E_100_ligand_refined.sdf, RMSD:7.0942703924609685, E:61.95953150236452
1e4x_VAL-ASP_Q_1-7_ligand_refined.sdf, RMSD:4.692880171504946, E:87.51634660881345
1e4x_VAL-ASP_P_1-7_ligand_refined.sdf, RMSD:4.567329522105675, E:89.31976652418234
1a94_0Q4_A_100_ligand_refined.sdf, RMSD:6.444252375880105, E:61.95953150236452
1a7x_FKA_B_201_ligand_refined.sdf, RMSD:3.4405775817335735, E:135.0123608488006
1bkf_FK5_A_108_ligand_refined.sdf, RMSD:3.0250772590963098, E:118.25100721211578
1bai_0Q4_A_125_ligand_refined.sdf, RMSD:6.837523835624319, E:62.412558305286765
1bmb_LYS-PHE_I_1-9_ligand_refined.sdf, RMSD:4.959816662096431, E:88.10731169157252
1awf_ASP-LEU_I_55-64_ligand_refined.sdf, RMSD:7.6824671320407445, E:88.3920028761149
1c9h_RAP_A_108_ligand_refined.sdf, RMSD:3.9998478457897453, E:116.87329748427787
1fap_RAP_A_108_ligand_refined.sdf, RMSD:3.919293116254834, E:116.87329748427787
[protein_root] [ligand_root] [0|1, rm_ccd or not]
