000 (169053.000.000) 2026-06-28 20:21:31 Job submitted from host: <10.143.248.60:9618?addrs=10.143.248.60-9618&alias=conduit.hpc.uni-saarland.de&noUDP&sock=schedd_3439953_36a5>
...
001 (169053.000.000) 2026-06-30 23:52:51 Job executing on host: <10.143.248.13:9618?PrivAddr=%3c10.143.250.13:9618%3fsock%3dstartd_5111_4ca2%3e&PrivNet=cs-hpc-storage&addrs=10.143.248.13-9618&alias=surt.hpc.uni-saarland.de&noUDP&sock=startd_5111_4ca2>
	SlotName: slot1_6@surt.hpc.uni-saarland.de
	AvailableGPUs = { GPUs_GPU_6ff65502 }
	CondorScratchDir = "/raid/condor/lib/condor/execute/dir_2831775"
	Cpus = 4
	Disk = 12069
	GPUs = 1
	GPUs_GPU_6ff65502 = [ Id = "GPU-6ff65502"; Capability = 8.0; DeviceName = "NVIDIA A100-PCIE-40GB"; DeviceUuid = "6ff65502-e395-0605-8c59-86d3eb9a8a37"; ECCEnabled = true; NvidiaDriver = "570.211.01"; DriverVersion = 12.8; DevicePciBusId = "0000:61:00.0"; GlobalMemoryMb = 40442; MaxSupportedVersion = 12080 ]
	Memory = 16384
...
006 (169053.000.000) 2026-06-30 23:52:59 Image size of job updated: 342
	342  -  MemoryUsage of job (MB)
	351184  -  ResidentSetSize of job (KB)
...
006 (169053.000.000) 2026-06-30 23:57:59 Image size of job updated: 4008
	4008  -  MemoryUsage of job (MB)
	4104288  -  ResidentSetSize of job (KB)
...
006 (169053.000.000) 2026-07-01 01:08:06 Image size of job updated: 4690
	4690  -  MemoryUsage of job (MB)
	4802588  -  ResidentSetSize of job (KB)
...
006 (169053.000.000) 2026-07-01 05:23:29 Image size of job updated: 5124
	5124  -  MemoryUsage of job (MB)
	5247964  -  ResidentSetSize of job (KB)
...
006 (169053.000.000) 2026-07-01 06:48:38 Image size of job updated: 5159
	5159  -  MemoryUsage of job (MB)
	5283284  -  ResidentSetSize of job (KB)
...
006 (169053.000.000) 2026-07-01 07:28:42 Image size of job updated: 5249
	5249  -  MemoryUsage of job (MB)
	5375164  -  ResidentSetSize of job (KB)
...
006 (169053.000.000) 2026-07-01 10:03:56 Image size of job updated: 5367
	5367  -  MemoryUsage of job (MB)
	5496348  -  ResidentSetSize of job (KB)
...
022 (169053.000.000) 2026-07-01 12:19:05 Job disconnected, attempting to reconnect
    Local schedd and job shadow died, schedd now running again
    Trying to reconnect to slot1_6@surt.hpc.uni-saarland.de <10.143.248.13:9618?PrivAddr=%3c10.143.250.13:9618%3fsock%3dstartd_5111_4ca2%3e&PrivNet=cs-hpc-storage&addrs=10.143.248.13-9618&alias=surt.hpc.uni-saarland.de&noUDP&sock=startd_5111_4ca2>
...
023 (169053.000.000) 2026-07-01 12:19:07 Job reconnected to slot1_6@surt.hpc.uni-saarland.de
    startd address: <10.143.248.13:9618?PrivAddr=%3c10.143.250.13:9618%3fsock%3dstartd_5111_4ca2%3e&PrivNet=cs-hpc-storage&addrs=10.143.248.13-9618&alias=surt.hpc.uni-saarland.de&noUDP&sock=startd_5111_4ca2>
    starter address: <10.143.248.13:9618?PrivAddr=%3c10.143.250.13:9618%3fsock%3dslot1_6_5153_812b_12266%3e&PrivNet=cs-hpc-storage&addrs=10.143.248.13-9618&alias=surt.hpc.uni-saarland.de&noUDP&sock=slot1_6_5153_812b_12266>
...
006 (169053.000.000) 2026-07-01 13:14:16 Image size of job updated: 7500
	5948  -  MemoryUsage of job (MB)
	7500000  -  ResidentSetSize of job (KB)
...
004 (169053.000.000) 2026-07-01 17:22:23 Job was evicted. Code 1009 Subcode 0
	(0) CPU times
		Usr 0 17:37:29, Sys 0 02:23:44  -  Run Remote Usage
		Usr 0 00:00:00, Sys 0 00:00:00  -  Run Local Usage
	0  -  Run Bytes Sent By Job
	0  -  Run Bytes Received By Job
	Reason: Claim deactivated
	Partitionable Resources :    Usage  Request Allocated 
	   Cpus                 :     0.00        4         4 
	   Disk (KB)            :     1           1     12069 
	   Memory (MB)          :  5948       16384     16384 
	   TimeExecute (s)      : 62972                       
	   TimeSlotBusy (s)     : 62973                       
...
009 (169053.000.000) 2026-07-01 17:22:23 Job was aborted.
	via condor_rm (by user bdldt_team007)
...
000 (170065.000.000) 2026-07-06 01:22:32 Job submitted from host: <10.143.248.60:9618?addrs=10.143.248.60-9618&alias=conduit.hpc.uni-saarland.de&noUDP&sock=schedd_1657671_015c>
...
001 (170065.000.000) 2026-07-06 01:22:44 Job executing on host: <10.143.248.26:9618?PrivAddr=%3c10.143.250.26:9618%3fsock%3dstartd_7902_b176%3e&PrivNet=cs-hpc-storage&addrs=10.143.248.26-9618&alias=gefjon.hpc.uni-saarland.de&noUDP&sock=startd_7902_b176>
	SlotName: slot1_5@gefjon.hpc.uni-saarland.de
	AvailableGPUs = { GPUs_GPU_c62fee8e }
	CondorScratchDir = "/raid/condor/lib/condor/execute/dir_3755528"
	Cpus = 4
	Disk = 12147
	GPUs = 1
	GPUs_GPU_c62fee8e = [ Id = "GPU-c62fee8e"; Capability = 8.0; DeviceName = "NVIDIA A100-PCIE-40GB"; DeviceUuid = "c62fee8e-b343-dd3c-458e-aaf86e889b78"; ECCEnabled = true; NvidiaDriver = "570.211.01"; DriverVersion = 12.8; DevicePciBusId = "0000:61:00.0"; GlobalMemoryMb = 40442; MaxSupportedVersion = 12080 ]
	Memory = 16384
...
006 (170065.000.000) 2026-07-06 01:22:51 Image size of job updated: 10
	10  -  MemoryUsage of job (MB)
	11148  -  ResidentSetSize of job (KB)
...
006 (170065.000.000) 2026-07-06 01:27:51 Image size of job updated: 2711
	2711  -  MemoryUsage of job (MB)
	2776744  -  ResidentSetSize of job (KB)
...
006 (170065.000.000) 2026-07-06 01:37:51 Image size of job updated: 2888
	2888  -  MemoryUsage of job (MB)
	2958300  -  ResidentSetSize of job (KB)
...
006 (170065.000.000) 2026-07-06 01:47:52 Image size of job updated: 2904
	2904  -  MemoryUsage of job (MB)
	2973808  -  ResidentSetSize of job (KB)
...
006 (170065.000.000) 2026-07-06 01:52:52 Image size of job updated: 3147
	3147  -  MemoryUsage of job (MB)
	3223224  -  ResidentSetSize of job (KB)
...
006 (170065.000.000) 2026-07-06 02:17:52 Image size of job updated: 3159
	3159  -  MemoryUsage of job (MB)
	3234988  -  ResidentSetSize of job (KB)
...
006 (170065.000.000) 2026-07-06 02:22:52 Image size of job updated: 4169
	4169  -  MemoryUsage of job (MB)
	4269216  -  ResidentSetSize of job (KB)
...
006 (170065.000.000) 2026-07-06 03:58:05 Image size of job updated: 4762
	4762  -  MemoryUsage of job (MB)
	4876440  -  ResidentSetSize of job (KB)
...
006 (170065.000.000) 2026-07-06 10:18:42 Image size of job updated: 4977
	4977  -  MemoryUsage of job (MB)
	5096448  -  ResidentSetSize of job (KB)
...
006 (170065.000.000) 2026-07-06 13:48:58 Image size of job updated: 4985
	4985  -  MemoryUsage of job (MB)
	5105476  -  ResidentSetSize of job (KB)
...
006 (170065.000.000) 2026-07-06 15:59:09 Image size of job updated: 4991
	4991  -  MemoryUsage of job (MB)
	5111224  -  ResidentSetSize of job (KB)
...
006 (170065.000.000) 2026-07-07 10:36:09 Image size of job updated: 4996
	4996  -  MemoryUsage of job (MB)
	5115924  -  ResidentSetSize of job (KB)
...
005 (170065.000.000) 2026-07-07 12:31:42 Job terminated.
	(1) Normal termination (return value 0)
		Usr 1 12:10:31, Sys 0 03:29:39  -  Run Remote Usage
		Usr 0 00:00:00, Sys 0 00:00:00  -  Run Local Usage
		Usr 1 12:10:31, Sys 0 03:29:39  -  Total Remote Usage
		Usr 0 00:00:00, Sys 0 00:00:00  -  Total Local Usage
	0  -  Run Bytes Sent By Job
	0  -  Run Bytes Received By Job
	0  -  Total Bytes Sent By Job
	0  -  Total Bytes Received By Job
	Partitionable Resources :     Usage  Request Allocated Assigned
	   Cpus                 :      0.00        4         4 
	   Disk (KB)            :      1           1     12147 
	   GPUs                 :      0.34        1         1 "GPU-c62fee8e"
	   GpusMemory (MB)      :  40959                       
	   Memory (MB)          :   4996       16384     16384 
	   TimeExecute (s)      : 126538                       
	   TimeSlotBusy (s)     : 126550                       
...
